Apr 25 18:53:58 localhost journal: Runtime journal is using 8.0M (max allowed 91.7M, trying to leave 137.6M free of 909.6M available → current limit 91.7M).
Apr 25 18:53:58 localhost kernel: Initializing cgroup subsys cpuset
Apr 25 18:53:58 localhost kernel: Initializing cgroup subsys cpu
Apr 25 18:53:58 localhost kernel: Initializing cgroup subsys cpuacct
Apr 25 18:53:58 localhost kernel: Linux version 3.10.0-693.el7.x86_64 (builder@kbuilder.dev.centos.org) (gcc version 4.8.5 20150623 (Red Hat 4.8.5-16) (GCC) ) #1 SMP Tue Aug 22 21:09:27 UTC 2017
Apr 25 18:53:58 localhost kernel: Command line: BOOT_IMAGE=/vmlinuz-3.10.0-693.el7.x86_64 root=/dev/mapper/VolGroup-lv_root ro crashkernel=auto rd.lvm.lv=VolGroup/lv_root rd.lvm.lv=VolGroup/lv_swap rhgb quiet LANG=en_US.UTF-8
Apr 25 18:53:58 localhost kernel: Disabled fast string operations
Apr 25 18:53:58 localhost kernel: e820: BIOS-provided physical RAM map:
Apr 25 18:53:58 localhost kernel: BIOS-e820: [mem 0x0000000000000000-0x000000000009fbff] usable
Apr 25 18:53:58 localhost kernel: BIOS-e820: [mem 0x000000000009fc00-0x000000000009ffff] reserved
Apr 25 18:53:58 localhost kernel: BIOS-e820: [mem 0x00000000000dc000-0x00000000000fffff] reserved
Apr 25 18:53:58 localhost kernel: BIOS-e820: [mem 0x0000000000100000-0x000000007ffebfff] usable
Apr 25 18:53:58 localhost kernel: BIOS-e820: [mem 0x000000007ffec000-0x000000007ffedfff] reserved
Apr 25 18:53:58 localhost kernel: BIOS-e820: [mem 0x000000007ffee000-0x000000007fffafff] ACPI data
Apr 25 18:53:58 localhost kernel: BIOS-e820: [mem 0x000000007fffb000-0x000000007fffffff] ACPI NVS
Apr 25 18:53:58 localhost kernel: BIOS-e820: [mem 0x00000000fd000000-0x00000000fd7fffff] reserved
Apr 25 18:53:58 localhost kernel: BIOS-e820: [mem 0x00000000fec00000-0x00000000fec00fff] reserved
Apr 25 18:53:58 localhost kernel: BIOS-e820: [mem 0x00000000fed00000-0x00000000fed00fff] reserved
Apr 25 18:53:58 localhost kernel: BIOS-e820: [mem 0x00000000fee00000-0x00000000fee00fff] reserved
Apr 25 18:53:58 localhost kernel: BIOS-e820: [mem 0x00000000ffc00000-0x00000000ffffffff] reserved
Apr 25 18:53:58 localhost kernel: NX (Execute Disable) protection: active
Apr 25 18:53:58 localhost kernel: SMBIOS 2.7 present.
Apr 25 18:53:58 localhost kernel: Hypervisor detected: KVM
Apr 25 18:53:58 localhost kernel: e820: last_pfn = 0x7ffec max_arch_pfn = 0x400000000
Apr 25 18:53:58 localhost kernel: x86 PAT enabled: cpu 0, old 0x7040600070406, new 0x7010600070106
Apr 25 18:53:58 localhost kernel: found SMP MP-table at [mem 0x0009fc30-0x0009fc3f] mapped at [ffff88000009fc30]
Apr 25 18:53:58 localhost kernel: RAMDISK: [mem 0x35950000-0x36c9ffff]
Apr 25 18:53:58 localhost kernel: Early table checksum verification disabled
Apr 25 18:53:58 localhost kernel: ACPI: RSDP 00000000000e0000 00024 (v02 PRLS  )
Apr 25 18:53:58 localhost kernel: ACPI: XSDT 000000007fff2940 0004C (v01 PRLS   PRLS_OEM 00000001 INTL 20051216)
Apr 25 18:53:58 localhost kernel: ACPI: FACP 000000007ffee0c0 000F4 (v03 PRLS   PRLS_OEM 00000001 INTL 20051216)
Apr 25 18:53:58 localhost kernel: ACPI: DSDT 000000007ffee440 0447A (v02 PRLS   PRLSACPI 00001001 INTL 20051216)
Apr 25 18:53:58 localhost kernel: ACPI: FACS 000000007ffee1c0 00040
Apr 25 18:53:58 localhost kernel: ACPI: APIC 000000007ffee200 00216 (v01 PRLS   PRLS_OEM 00000001 INTL 20051216)
Apr 25 18:53:58 localhost kernel: ACPI: HPET 000000007fff28c0 00038 (v00 PRLS   PRLS_OEM 00000001 INTL 20051216)
Apr 25 18:53:58 localhost kernel: ACPI: MCFG 000000007fff2900 0003C (v01 PRLS   PRLS_OEM 00000001 INTL 20051216)
Apr 25 18:53:58 localhost kernel: ACPI: OEM1 000000007fff29c0 00394 (v01 PRLS   PRLS_OEM 00000001 INTL 20051216)
Apr 25 18:53:58 localhost kernel: No NUMA configuration found
Apr 25 18:53:58 localhost kernel: Faking a node at [mem 0x0000000000000000-0x000000007ffebfff]
Apr 25 18:53:58 localhost kernel: NODE_DATA(0) allocated [mem 0x7ffc5000-0x7ffebfff]
Apr 25 18:53:58 localhost kernel: Reserving 161MB of memory at 688MB for crashkernel (System RAM: 2047MB)
Apr 25 18:53:58 localhost kernel: kvm-clock: Using msrs 4b564d01 and 4b564d00
Apr 25 18:53:58 localhost kernel: kvm-clock: cpu 0, msr 0:7ff75001, primary cpu clock
Apr 25 18:53:58 localhost kernel: kvm-clock: using sched offset of 5320071997 cycles
Apr 25 18:53:58 localhost kernel: Zone ranges:
Apr 25 18:53:58 localhost kernel:  DMA      [mem 0x00001000-0x00ffffff]
Apr 25 18:53:58 localhost kernel:  DMA32    [mem 0x01000000-0xffffffff]
Apr 25 18:53:58 localhost kernel:  Normal   empty
Apr 25 18:53:58 localhost kernel: Movable zone start for each node
Apr 25 18:53:58 localhost kernel: Early memory node ranges
Apr 25 18:53:58 localhost kernel:  node   0: [mem 0x00001000-0x0009efff]
Apr 25 18:53:58 localhost kernel:  node   0: [mem 0x00100000-0x7ffebfff]
Apr 25 18:53:58 localhost kernel: Initmem setup node 0 [mem 0x00001000-0x7ffebfff]
Apr 25 18:53:58 localhost kernel: ACPI: PM-Timer IO Port: 0x4008
Apr 25 18:53:58 localhost kernel: ACPI: LAPIC (acpi_id[0x00] lapic_id[0x00] enabled)
Apr 25 18:53:58 localhost kernel: ACPI: LAPIC (acpi_id[0x01] lapic_id[0x01] enabled)
Apr 25 18:53:58 localhost kernel: ACPI: LAPIC (acpi_id[0x02] lapic_id[0x02] disabled)
Apr 25 18:53:58 localhost kernel: ACPI: LAPIC (acpi_id[0x03] lapic_id[0x03] disabled)
Apr 25 18:53:58 localhost kernel: ACPI: LAPIC (acpi_id[0x04] lapic_id[0x04] disabled)
Apr 25 18:53:58 localhost kernel: ACPI: LAPIC (acpi_id[0x05] lapic_id[0x05] disabled)
Apr 25 18:53:58 localhost kernel: ACPI: LAPIC (acpi_id[0x06] lapic_id[0x06] disabled)
Apr 25 18:53:58 localhost kernel: ACPI: LAPIC (acpi_id[0x07] lapic_id[0x07] disabled)
Apr 25 18:53:58 localhost kernel: ACPI: LAPIC (acpi_id[0x08] lapic_id[0x08] disabled)
Apr 25 18:53:58 localhost kernel: ACPI: LAPIC (acpi_id[0x09] lapic_id[0x09] disabled)
Apr 25 18:53:58 localhost kernel: ACPI: LAPIC (acpi_id[0x0a] lapic_id[0x0a] disabled)
Apr 25 18:53:58 localhost kernel: ACPI: LAPIC (acpi_id[0x0b] lapic_id[0x0b] disabled)
Apr 25 18:53:58 localhost kernel: ACPI: LAPIC (acpi_id[0x0c] lapic_id[0x0c] disabled)
Apr 25 18:53:58 localhost kernel: ACPI: LAPIC (acpi_id[0x0d] lapic_id[0x0d] disabled)
Apr 25 18:53:58 localhost kernel: ACPI: LAPIC (acpi_id[0x0e] lapic_id[0x0e] disabled)
Apr 25 18:53:58 localhost kernel: ACPI: LAPIC (acpi_id[0x0f] lapic_id[0x0f] disabled)
Apr 25 18:53:58 localhost kernel: ACPI: LAPIC (acpi_id[0x10] lapic_id[0x10] disabled)
Apr 25 18:53:58 localhost kernel: ACPI: LAPIC (acpi_id[0x11] lapic_id[0x11] disabled)
Apr 25 18:53:58 localhost kernel: ACPI: LAPIC (acpi_id[0x12] lapic_id[0x12] disabled)
Apr 25 18:53:58 localhost kernel: ACPI: LAPIC (acpi_id[0x13] lapic_id[0x13] disabled)
Apr 25 18:53:58 localhost kernel: ACPI: LAPIC (acpi_id[0x14] lapic_id[0x14] disabled)
Apr 25 18:53:58 localhost kernel: ACPI: LAPIC (acpi_id[0x15] lapic_id[0x15] disabled)
Apr 25 18:53:58 localhost kernel: ACPI: LAPIC (acpi_id[0x16] lapic_id[0x16] disabled)
Apr 25 18:53:58 localhost kernel: ACPI: LAPIC (acpi_id[0x17] lapic_id[0x17] disabled)
Apr 25 18:53:58 localhost kernel: ACPI: LAPIC (acpi_id[0x18] lapic_id[0x18] disabled)
Apr 25 18:53:58 localhost kernel: ACPI: LAPIC (acpi_id[0x19] lapic_id[0x19] disabled)
Apr 25 18:53:58 localhost kernel: ACPI: LAPIC (acpi_id[0x1a] lapic_id[0x1a] disabled)
Apr 25 18:53:58 localhost kernel: ACPI: LAPIC (acpi_id[0x1b] lapic_id[0x1b] disabled)
Apr 25 18:53:58 localhost kernel: ACPI: LAPIC (acpi_id[0x1c] lapic_id[0x1c] disabled)
Apr 25 18:53:58 localhost kernel: ACPI: LAPIC (acpi_id[0x1d] lapic_id[0x1d] disabled)
Apr 25 18:53:58 localhost kernel: ACPI: LAPIC (acpi_id[0x1e] lapic_id[0x1e] disabled)
Apr 25 18:53:58 localhost kernel: ACPI: LAPIC (acpi_id[0x1f] lapic_id[0x1f] disabled)
Apr 25 18:53:58 localhost kernel: ACPI: LAPIC_NMI (acpi_id[0x00] high edge lint[0x1])
Apr 25 18:53:58 localhost kernel: ACPI: LAPIC_NMI (acpi_id[0x01] high edge lint[0x1])
Apr 25 18:53:58 localhost kernel: ACPI: LAPIC_NMI (acpi_id[0x02] high edge lint[0x1])
Apr 25 18:53:58 localhost kernel: ACPI: LAPIC_NMI (acpi_id[0x03] high edge lint[0x1])
Apr 25 18:53:58 localhost kernel: ACPI: LAPIC_NMI (acpi_id[0x04] high edge lint[0x1])
Apr 25 18:53:58 localhost kernel: ACPI: LAPIC_NMI (acpi_id[0x05] high edge lint[0x1])
Apr 25 18:53:58 localhost kernel: ACPI: LAPIC_NMI (acpi_id[0x06] high edge lint[0x1])
Apr 25 18:53:58 localhost kernel: ACPI: LAPIC_NMI (acpi_id[0x07] high edge lint[0x1])
Apr 25 18:53:58 localhost kernel: ACPI: LAPIC_NMI (acpi_id[0x08] high edge lint[0x1])
Apr 25 18:53:58 localhost kernel: ACPI: LAPIC_NMI (acpi_id[0x09] high edge lint[0x1])
Apr 25 18:53:58 localhost kernel: ACPI: LAPIC_NMI (acpi_id[0x0a] high edge lint[0x1])
Apr 25 18:53:58 localhost kernel: ACPI: LAPIC_NMI (acpi_id[0x0b] high edge lint[0x1])
Apr 25 18:53:58 localhost kernel: ACPI: LAPIC_NMI (acpi_id[0x0c] high edge lint[0x1])
Apr 25 18:53:58 localhost kernel: ACPI: LAPIC_NMI (acpi_id[0x0d] high edge lint[0x1])
Apr 25 18:53:58 localhost kernel: ACPI: LAPIC_NMI (acpi_id[0x0e] high edge lint[0x1])
Apr 25 18:53:58 localhost kernel: ACPI: LAPIC_NMI (acpi_id[0x0f] high edge lint[0x1])
Apr 25 18:53:58 localhost kernel: ACPI: LAPIC_NMI (acpi_id[0x10] high edge lint[0x1])
Apr 25 18:53:58 localhost kernel: ACPI: LAPIC_NMI (acpi_id[0x11] high edge lint[0x1])
Apr 25 18:53:58 localhost kernel: ACPI: LAPIC_NMI (acpi_id[0x12] high edge lint[0x1])
Apr 25 18:53:58 localhost kernel: ACPI: LAPIC_NMI (acpi_id[0x13] high edge lint[0x1])
Apr 25 18:53:58 localhost kernel: ACPI: LAPIC_NMI (acpi_id[0x14] high edge lint[0x1])
Apr 25 18:53:58 localhost kernel: ACPI: LAPIC_NMI (acpi_id[0x15] high edge lint[0x1])
Apr 25 18:53:58 localhost kernel: ACPI: LAPIC_NMI (acpi_id[0x16] high edge lint[0x1])
Apr 25 18:53:58 localhost kernel: ACPI: LAPIC_NMI (acpi_id[0x17] high edge lint[0x1])
Apr 25 18:53:58 localhost kernel: ACPI: LAPIC_NMI (acpi_id[0x18] high edge lint[0x1])
Apr 25 18:53:58 localhost kernel: ACPI: LAPIC_NMI (acpi_id[0x19] high edge lint[0x1])
Apr 25 18:53:58 localhost kernel: ACPI: LAPIC_NMI (acpi_id[0x1a] high edge lint[0x1])
Apr 25 18:53:58 localhost kernel: ACPI: LAPIC_NMI (acpi_id[0x1b] high edge lint[0x1])
Apr 25 18:53:58 localhost kernel: ACPI: LAPIC_NMI (acpi_id[0x1c] high edge lint[0x1])
Apr 25 18:53:58 localhost kernel: ACPI: LAPIC_NMI (acpi_id[0x1d] high edge lint[0x1])
Apr 25 18:53:58 localhost kernel: ACPI: LAPIC_NMI (acpi_id[0x1e] high edge lint[0x1])
Apr 25 18:53:58 localhost kernel: ACPI: LAPIC_NMI (acpi_id[0x1f] high edge lint[0x1])
Apr 25 18:53:58 localhost kernel: ACPI: IOAPIC (id[0x00] address[0xfec00000] gsi_base[0])
Apr 25 18:53:58 localhost kernel: IOAPIC[0]: apic_id 0, version 2, address 0xfec00000, GSI 0-23
Apr 25 18:53:58 localhost kernel: ACPI: INT_SRC_OVR (bus 0 bus_irq 0 global_irq 2 dfl dfl)
Apr 25 18:53:58 localhost kernel: ACPI: INT_SRC_OVR (bus 0 bus_irq 14 global_irq 14 dfl edge)
Apr 25 18:53:58 localhost kernel: ACPI: INT_SRC_OVR (bus 0 bus_irq 15 global_irq 15 dfl edge)
Apr 25 18:53:58 localhost kernel: Using ACPI (MADT) for SMP configuration information
Apr 25 18:53:58 localhost kernel: ACPI: HPET id: 0x8086a701 base: 0xfed00000
Apr 25 18:53:58 localhost kernel: smpboot: Allowing 32 CPUs, 30 hotplug CPUs
Apr 25 18:53:58 localhost kernel: PM: Registered nosave memory: [mem 0x0009f000-0x0009ffff]
Apr 25 18:53:58 localhost kernel: PM: Registered nosave memory: [mem 0x000a0000-0x000dbfff]
Apr 25 18:53:58 localhost kernel: PM: Registered nosave memory: [mem 0x000dc000-0x000fffff]
Apr 25 18:53:58 localhost kernel: e820: [mem 0x80000000-0xfcffffff] available for PCI devices
Apr 25 18:53:58 localhost kernel: Booting paravirtualized kernel on KVM
Apr 25 18:53:58 localhost kernel: setup_percpu: NR_CPUS:5120 nr_cpumask_bits:32 nr_cpu_ids:32 nr_node_ids:1
Apr 25 18:53:58 localhost kernel: PERCPU: Embedded 33 pages/cpu @ffff88007ce00000 s97048 r8192 d29928 u262144
Apr 25 18:53:58 localhost kernel: Built 1 zonelists in Node order, mobility grouping on.  Total pages: 515957
Apr 25 18:53:58 localhost kernel: Policy zone: DMA32
Apr 25 18:53:58 localhost kernel: Kernel command line: BOOT_IMAGE=/vmlinuz-3.10.0-693.el7.x86_64 root=/dev/mapper/VolGroup-lv_root ro crashkernel=auto rd.lvm.lv=VolGroup/lv_root rd.lvm.lv=VolGroup/lv_swap rhgb quiet LANG=en_US.UTF-8
Apr 25 18:53:58 localhost kernel: PID hash table entries: 4096 (order: 3, 32768 bytes)
Apr 25 18:53:58 localhost kernel: x86/fpu: xstate_offset[2]: 0240, xstate_sizes[2]: 0100
Apr 25 18:53:58 localhost kernel: xsave: enabled xstate_bv 0x7, cntxt size 0x340 using standard form
Apr 25 18:53:58 localhost kernel: Memory: 1857888k/2097072k available (6886k kernel code, 392k absent, 238792k reserved, 4545k data, 1764k init)
Apr 25 18:53:58 localhost kernel: SLUB: HWalign=64, Order=0-3, MinObjects=0, CPUs=32, Nodes=1
Apr 25 18:53:58 localhost kernel: Hierarchical RCU implementation.
Apr 25 18:53:58 localhost kernel: #011RCU restricting CPUs from NR_CPUS=5120 to nr_cpu_ids=32.
Apr 25 18:53:58 localhost kernel: NR_IRQS:327936 nr_irqs:680 0
Apr 25 18:53:58 localhost kernel: Console: colour VGA+ 80x25
Apr 25 18:53:58 localhost kernel: console [tty0] enabled
Apr 25 18:53:58 localhost kernel: allocated 8388608 bytes of page_cgroup
Apr 25 18:53:58 localhost kernel: please try 'cgroup_disable=memory' option if you don't want memory cgroups
Apr 25 18:53:58 localhost kernel: tsc: Detected 2712.000 MHz processor
Apr 25 18:53:58 localhost kernel: Calibrating delay loop (skipped) preset value.. 5424.00 BogoMIPS (lpj=2712000)
Apr 25 18:53:58 localhost kernel: pid_max: default: 32768 minimum: 301
Apr 25 18:53:58 localhost kernel: Security Framework initialized
Apr 25 18:53:58 localhost kernel: SELinux:  Initializing.
Apr 25 18:53:58 localhost kernel: Yama: becoming mindful.
Apr 25 18:53:58 localhost kernel: Dentry cache hash table entries: 262144 (order: 9, 2097152 bytes)
Apr 25 18:53:58 localhost kernel: Inode-cache hash table entries: 131072 (order: 8, 1048576 bytes)
Apr 25 18:53:58 localhost kernel: Mount-cache hash table entries: 4096 (order: 3, 32768 bytes)
Apr 25 18:53:58 localhost kernel: Mountpoint-cache hash table entries: 4096 (order: 3, 32768 bytes)
Apr 25 18:53:58 localhost kernel: Initializing cgroup subsys memory
Apr 25 18:53:58 localhost kernel: Initializing cgroup subsys devices
Apr 25 18:53:58 localhost kernel: Initializing cgroup subsys freezer
Apr 25 18:53:58 localhost kernel: Initializing cgroup subsys net_cls
Apr 25 18:53:58 localhost kernel: Initializing cgroup subsys blkio
Apr 25 18:53:58 localhost kernel: Initializing cgroup subsys perf_event
Apr 25 18:53:58 localhost kernel: Initializing cgroup subsys hugetlb
Apr 25 18:53:58 localhost kernel: Initializing cgroup subsys pids
Apr 25 18:53:58 localhost kernel: Initializing cgroup subsys net_prio
Apr 25 18:53:58 localhost kernel: Disabled fast string operations
Apr 25 18:53:58 localhost kernel: CPU: Physical Processor ID: 0
Apr 25 18:53:58 localhost kernel: CPU: Processor Core ID: 0
Apr 25 18:53:58 localhost kernel: mce: CPU supports 0 MCE banks
Apr 25 18:53:58 localhost kernel: Last level iTLB entries: 4KB 0, 2MB 0, 4MB 0
Apr 25 18:53:58 localhost kernel: Last level dTLB entries: 4KB 64, 2MB 0, 4MB 0
Apr 25 18:53:58 localhost kernel: tlb_flushall_shift: 6
Apr 25 18:53:58 localhost kernel: Freeing SMP alternatives: 24k freed
Apr 25 18:53:58 localhost kernel: ACPI: Core revision 20130517
Apr 25 18:53:58 localhost kernel: ACPI: All ACPI Tables successfully acquired
Apr 25 18:53:58 localhost kernel: ftrace: allocating 26584 entries in 104 pages
Apr 25 18:53:58 localhost kernel: smpboot: Max logical packages: 16
Apr 25 18:53:58 localhost kernel: Enabling x2apic
Apr 25 18:53:58 localhost kernel: Enabled x2apic
Apr 25 18:53:58 localhost kernel: Switched APIC routing to physical x2apic.
Apr 25 18:53:58 localhost kernel: ..TIMER: vector=0x30 apic1=0 pin1=2 apic2=-1 pin2=-1
Apr 25 18:53:58 localhost kernel: smpboot: CPU0: Intel(R) Core(TM) i7-6820HQ CPU @ 2.70GHz (fam: 06, model: 5e, stepping: 03)
Apr 25 18:53:58 localhost kernel: Performance Events: unsupported p6 CPU model 94 no PMU driver, software events only.
Apr 25 18:53:58 localhost kernel: kvm-clock: cpu 1, msr 0:7ff75041, secondary cpu clock
Apr 25 18:53:58 localhost kernel: Disabled fast string operations
Apr 25 18:53:58 localhost kernel: mce: CPU supports 0 MCE banks
Apr 25 18:53:58 localhost kernel: smpboot: Booting Node   0, Processors  #1
Apr 25 18:53:58 localhost kernel: Brought up 2 CPUs
Apr 25 18:53:58 localhost kernel: smpboot: Total of 2 processors activated (10848.00 BogoMIPS)
Apr 25 18:53:58 localhost kernel: devtmpfs: initialized
Apr 25 18:53:58 localhost kernel: EVM: security.selinux
Apr 25 18:53:58 localhost kernel: EVM: security.ima
Apr 25 18:53:58 localhost kernel: EVM: security.capability
Apr 25 18:53:58 localhost kernel: PM: Registering ACPI NVS region [mem 0x7fffb000-0x7fffffff] (20480 bytes)
Apr 25 18:53:58 localhost kernel: atomic64 test passed for x86-64 platform with CX8 and with SSE
Apr 25 18:53:58 localhost kernel: pinctrl core: initialized pinctrl subsystem
Apr 25 18:53:58 localhost kernel: RTC time: 21:53:57, date: 04/25/18
Apr 25 18:53:58 localhost kernel: NET: Registered protocol family 16
Apr 25 18:53:58 localhost kernel: ACPI: bus type PCI registered
Apr 25 18:53:58 localhost kernel: acpiphp: ACPI Hot Plug PCI Controller Driver version: 0.5
Apr 25 18:53:58 localhost kernel: PCI: MMCONFIG for domain 0000 [bus 00-0f] at [mem 0xfc000000-0xfcffffff] (base 0xfc000000)
Apr 25 18:53:58 localhost kernel: PCI: not using MMCONFIG
Apr 25 18:53:58 localhost kernel: PCI: Using configuration type 1 for base access
Apr 25 18:53:58 localhost kernel: ACPI: Added _OSI(Module Device)
Apr 25 18:53:58 localhost kernel: ACPI: Added _OSI(Processor Device)
Apr 25 18:53:58 localhost kernel: ACPI: Added _OSI(3.0 _SCP Extensions)
Apr 25 18:53:58 localhost kernel: ACPI: Added _OSI(Processor Aggregator Device)
Apr 25 18:53:58 localhost kernel: ACPI: Executed 1 blocks of module-level executable AML code
Apr 25 18:53:58 localhost kernel: ACPI: Interpreter enabled
Apr 25 18:53:58 localhost kernel: ACPI: (supports S0 S3 S4 S5)
Apr 25 18:53:58 localhost kernel: ACPI: Using IOAPIC for interrupt routing
Apr 25 18:53:58 localhost kernel: PCI: MMCONFIG for domain 0000 [bus 00-0f] at [mem 0xfc000000-0xfcffffff] (base 0xfc000000)
Apr 25 18:53:58 localhost kernel: PCI: MMCONFIG at [mem 0xfc000000-0xfcffffff] reserved in ACPI motherboard resources
Apr 25 18:53:58 localhost kernel: PCI: Using host bridge windows from ACPI; if necessary, use "pci=nocrs" and report a bug
Apr 25 18:53:58 localhost kernel: ACPI: PCI Root Bridge [PCI0] (domain 0000 [bus 00-7f])
Apr 25 18:53:58 localhost kernel: acpi PNP0A08:00: _OSC: OS supports [ExtendedConfig ASPM ClockPM Segments MSI]
Apr 25 18:53:58 localhost kernel: acpi PNP0A08:00: _OSC failed (AE_NOT_FOUND); disabling ASPM
Apr 25 18:53:58 localhost kernel: acpi PNP0A08:00: ignoring host bridge window [mem 0x000d0000-0x000dffff window] (conflicts with reserved [mem 0x000dc000-0x000fffff])
Apr 25 18:53:58 localhost kernel: acpi PNP0A08:00: [Firmware Info]: MMCONFIG for domain 0000 [bus 00-0f] only partially covers this bridge
Apr 25 18:53:58 localhost kernel: PCI host bridge to bus 0000:00
Apr 25 18:53:58 localhost kernel: pci_bus 0000:00: root bus resource [bus 00-7f]
Apr 25 18:53:58 localhost kernel: pci_bus 0000:00: root bus resource [io  0x0000-0x0cf7 window]
Apr 25 18:53:58 localhost kernel: pci_bus 0000:00: root bus resource [io  0x0d00-0xffff window]
Apr 25 18:53:58 localhost kernel: pci_bus 0000:00: root bus resource [mem 0x000a0000-0x000bffff window]
Apr 25 18:53:58 localhost kernel: pci_bus 0000:00: root bus resource [mem 0x000c0000-0x000cffff window]
Apr 25 18:53:58 localhost kernel: pci_bus 0000:00: root bus resource [mem 0xb0000000-0xfbffffff window]
Apr 25 18:53:58 localhost kernel: pci_bus 0000:00: root bus resource [mem 0xfd000000-0xfd7fffff]
Apr 25 18:53:58 localhost kernel: pci 0000:00:1f.0: can't claim BAR 13 [io  0x4000-0x407f]: address conflict with ACPI CPU throttle [io  0x4010-0x4015]
Apr 25 18:53:58 localhost kernel: pci 0000:00:1f.1: legacy IDE quirk: reg 0x10: [io  0x01f0-0x01f7]
Apr 25 18:53:58 localhost kernel: pci 0000:00:1f.1: legacy IDE quirk: reg 0x14: [io  0x03f6]
Apr 25 18:53:58 localhost kernel: pci 0000:00:1f.1: legacy IDE quirk: reg 0x18: [io  0x0170-0x0177]
Apr 25 18:53:58 localhost kernel: pci 0000:00:1f.1: legacy IDE quirk: reg 0x1c: [io  0x0376]
Apr 25 18:53:58 localhost kernel: pci 0000:00:01.0: PCI bridge to [bus 01] (subtractive decode)
Apr 25 18:53:58 localhost kernel: pci 0000:00:0a.0: PCI bridge to [bus 02]
Apr 25 18:53:58 localhost kernel: pci 0000:00:1e.0: PCI bridge to [bus 03] (subtractive decode)
Apr 25 18:53:58 localhost kernel: ACPI Exception: AE_NOT_FOUND, Evaluating _PRS (20130517/pci_link-180)
Apr 25 18:53:58 localhost kernel: ACPI: Enabled 3 GPEs in block 00 to 0F
Apr 25 18:53:58 localhost kernel: ACPI: EC: GPE = 0xa, I/O: command/status = 0x66, data = 0x62
Apr 25 18:53:58 localhost kernel: vgaarb: device added: PCI:0000:01:00.0,decodes=io+mem,owns=io+mem,locks=none
Apr 25 18:53:58 localhost kernel: vgaarb: loaded
Apr 25 18:53:58 localhost kernel: vgaarb: bridge control possible 0000:01:00.0
Apr 25 18:53:58 localhost kernel: SCSI subsystem initialized
Apr 25 18:53:58 localhost kernel: ACPI: bus type USB registered
Apr 25 18:53:58 localhost kernel: usbcore: registered new interface driver usbfs
Apr 25 18:53:58 localhost kernel: usbcore: registered new interface driver hub
Apr 25 18:53:58 localhost kernel: usbcore: registered new device driver usb
Apr 25 18:53:58 localhost kernel: PCI: Using ACPI for IRQ routing
Apr 25 18:53:58 localhost kernel: NetLabel: Initializing
Apr 25 18:53:58 localhost kernel: NetLabel:  domain hash size = 128
Apr 25 18:53:58 localhost kernel: NetLabel:  protocols = UNLABELED CIPSOv4
Apr 25 18:53:58 localhost kernel: NetLabel:  unlabeled traffic allowed by default
Apr 25 18:53:58 localhost kernel: hpet0: at MMIO 0xfed00000, IRQs 2, 8, 0, 0, 0, 0, 0, 0
Apr 25 18:53:58 localhost kernel: hpet0: 8 comparators, 64-bit 16.000000 MHz counter
Apr 25 18:53:58 localhost kernel: amd_nb: Cannot enumerate AMD northbridges
Apr 25 18:53:58 localhost kernel: Switched to clocksource kvm-clock
Apr 25 18:53:58 localhost kernel: pnp: PnP ACPI init
Apr 25 18:53:58 localhost kernel: ACPI: bus type PNP registered
Apr 25 18:53:58 localhost kernel: system 00:03: [mem 0xff000000-0xffffffff] could not be reserved
Apr 25 18:53:58 localhost kernel: system 00:04: [io  0x04d0-0x04d1] has been reserved
Apr 25 18:53:58 localhost kernel: system 00:04: [mem 0xfc000000-0xfcffffff] has been reserved
Apr 25 18:53:58 localhost kernel: pnp: PnP ACPI: found 5 devices
Apr 25 18:53:58 localhost kernel: ACPI: bus type PNP unregistered
Apr 25 18:53:58 localhost kernel: pci 0000:00:1f.0: BAR 13: [io  size 0x0080] has bogus alignment
Apr 25 18:53:58 localhost kernel: pci 0000:00:01.0: PCI bridge to [bus 01]
Apr 25 18:53:58 localhost kernel: pci 0000:00:01.0:   bridge window [io  0x6000-0x7fff]
Apr 25 18:53:58 localhost kernel: pci 0000:00:01.0:   bridge window [mem 0xe2000000-0xedffffff]
Apr 25 18:53:58 localhost kernel: pci 0000:00:01.0:   bridge window [mem 0xb0000000-0xdfffffff 64bit pref]
Apr 25 18:53:58 localhost kernel: pci 0000:00:0a.0: PCI bridge to [bus 02]
Apr 25 18:53:58 localhost kernel: pci 0000:00:0a.0:   bridge window [io  0x9000-0xafff]
Apr 25 18:53:58 localhost kernel: pci 0000:00:0a.0:   bridge window [mem 0xee100000-0xef0fffff]
Apr 25 18:53:58 localhost kernel: pci 0000:00:0a.0:   bridge window [mem 0xe0000000-0xe0ffffff pref]
Apr 25 18:53:58 localhost kernel: pci 0000:00:1e.0: PCI bridge to [bus 03]
Apr 25 18:53:58 localhost kernel: pci 0000:00:1e.0:   bridge window [io  0xc000-0xdfff]
Apr 25 18:53:58 localhost kernel: pci 0000:00:1e.0:   bridge window [mem 0xef200000-0xf01fffff]
Apr 25 18:53:58 localhost kernel: pci 0000:00:1e.0:   bridge window [mem 0xe1000000-0xe1ffffff 64bit pref]
Apr 25 18:53:58 localhost kernel: NET: Registered protocol family 2
Apr 25 18:53:58 localhost kernel: TCP established hash table entries: 16384 (order: 5, 131072 bytes)
Apr 25 18:53:58 localhost kernel: TCP bind hash table entries: 16384 (order: 6, 262144 bytes)
Apr 25 18:53:58 localhost kernel: TCP: Hash tables configured (established 16384 bind 16384)
Apr 25 18:53:58 localhost kernel: TCP: reno registered
Apr 25 18:53:58 localhost kernel: UDP hash table entries: 1024 (order: 3, 32768 bytes)
Apr 25 18:53:58 localhost kernel: UDP-Lite hash table entries: 1024 (order: 3, 32768 bytes)
Apr 25 18:53:58 localhost kernel: NET: Registered protocol family 1
Apr 25 18:53:58 localhost kernel: Unpacking initramfs...
Apr 25 18:53:58 localhost kernel: Freeing initrd memory: 19776k freed
Apr 25 18:53:58 localhost kernel: RAPL PMU: API unit is 2^-32 Joules, 5 fixed counters, 10737418240 ms ovfl timer
Apr 25 18:53:58 localhost kernel: RAPL PMU: hw unit of domain pp0-core 2^-0 Joules
Apr 25 18:53:58 localhost kernel: RAPL PMU: hw unit of domain package 2^-0 Joules
Apr 25 18:53:58 localhost kernel: RAPL PMU: hw unit of domain dram 2^-0 Joules
Apr 25 18:53:58 localhost kernel: RAPL PMU: hw unit of domain pp1-gpu 2^-0 Joules
Apr 25 18:53:58 localhost kernel: RAPL PMU: hw unit of domain psys 2^-0 Joules
Apr 25 18:53:58 localhost kernel: sha1_ssse3: Using AVX optimized SHA-1 implementation
Apr 25 18:53:58 localhost kernel: sha256_ssse3: Using AVX2 optimized SHA-256 implementation
Apr 25 18:53:58 localhost kernel: futex hash table entries: 8192 (order: 7, 524288 bytes)
Apr 25 18:53:58 localhost kernel: Initialise system trusted keyring
Apr 25 18:53:58 localhost kernel: audit: initializing netlink socket (disabled)
Apr 25 18:53:58 localhost kernel: type=2000 audit(1524693237.648:1): initialized
Apr 25 18:53:58 localhost kernel: HugeTLB registered 2 MB page size, pre-allocated 0 pages
Apr 25 18:53:58 localhost kernel: zpool: loaded
Apr 25 18:53:58 localhost kernel: zbud: loaded
Apr 25 18:53:58 localhost kernel: VFS: Disk quotas dquot_6.5.2
Apr 25 18:53:58 localhost kernel: Dquot-cache hash table entries: 512 (order 0, 4096 bytes)
Apr 25 18:53:58 localhost kernel: msgmni has been set to 3667
Apr 25 18:53:58 localhost kernel: Key type big_key registered
Apr 25 18:53:58 localhost kernel: NET: Registered protocol family 38
Apr 25 18:53:58 localhost kernel: Key type asymmetric registered
Apr 25 18:53:58 localhost kernel: Asymmetric key parser 'x509' registered
Apr 25 18:53:58 localhost kernel: Block layer SCSI generic (bsg) driver version 0.4 loaded (major 250)
Apr 25 18:53:58 localhost kernel: io scheduler noop registered
Apr 25 18:53:58 localhost kernel: io scheduler deadline registered (default)
Apr 25 18:53:58 localhost kernel: io scheduler cfq registered
Apr 25 18:53:58 localhost kernel: pci_hotplug: PCI Hot Plug PCI Core version: 0.5
Apr 25 18:53:58 localhost kernel: pciehp: PCI Express Hot Plug Controller Driver version: 0.4
Apr 25 18:53:58 localhost kernel: ACPI: AC Adapter [ADP0] (on-line)
Apr 25 18:53:58 localhost kernel: input: Power Button as /devices/LNXSYSTM:00/LNXPWRBN:00/input/input0
Apr 25 18:53:58 localhost kernel: ACPI: Power Button [PWRF]
Apr 25 18:53:58 localhost kernel: input: Sleep Button as /devices/LNXSYSTM:00/LNXSLPBN:00/input/input1
Apr 25 18:53:58 localhost kernel: ACPI: Sleep Button [SLPF]
Apr 25 18:53:58 localhost kernel: GHES: HEST is not enabled!
Apr 25 18:53:58 localhost kernel: Serial: 8250/16550 driver, 4 ports, IRQ sharing enabled
Apr 25 18:53:58 localhost kernel: random: fast init done
Apr 25 18:53:58 localhost kernel: Non-volatile memory driver v1.3
Apr 25 18:53:58 localhost kernel: Linux agpgart interface v0.103
Apr 25 18:53:58 localhost kernel: crash memory driver: version 1.1
Apr 25 18:53:58 localhost kernel: rdac: device handler registered
Apr 25 18:53:58 localhost kernel: hp_sw: device handler registered
Apr 25 18:53:58 localhost kernel: emc: device handler registered
Apr 25 18:53:58 localhost kernel: alua: device handler registered
Apr 25 18:53:58 localhost kernel: libphy: Fixed MDIO Bus: probed
Apr 25 18:53:58 localhost kernel: ehci_hcd: USB 2.0 'Enhanced' Host Controller (EHCI) Driver
Apr 25 18:53:58 localhost kernel: ehci-pci: EHCI PCI platform driver
Apr 25 18:53:58 localhost kernel: ehci-pci 0000:00:1d.7: EHCI Host Controller
Apr 25 18:53:58 localhost kernel: ehci-pci 0000:00:1d.7: new USB bus registered, assigned bus number 1
Apr 25 18:53:58 localhost kernel: ehci-pci 0000:00:1d.7: Enabling legacy PCI PM
Apr 25 18:53:58 localhost kernel: ehci-pci 0000:00:1d.7: irq 19, io mem 0xef140000
Apr 25 18:53:58 localhost kernel: ehci-pci 0000:00:1d.7: USB 2.0 started, EHCI 1.00
Apr 25 18:53:58 localhost kernel: usb usb1: New USB device found, idVendor=1d6b, idProduct=0002
Apr 25 18:53:58 localhost kernel: usb usb1: New USB device strings: Mfr=3, Product=2, SerialNumber=1
Apr 25 18:53:58 localhost kernel: usb usb1: Product: EHCI Host Controller
Apr 25 18:53:58 localhost kernel: usb usb1: Manufacturer: Linux 3.10.0-693.el7.x86_64 ehci_hcd
Apr 25 18:53:58 localhost kernel: usb usb1: SerialNumber: 0000:00:1d.7
Apr 25 18:53:58 localhost kernel: hub 1-0:1.0: USB hub found
Apr 25 18:53:58 localhost kernel: hub 1-0:1.0: 15 ports detected
Apr 25 18:53:58 localhost kernel: ohci_hcd: USB 1.1 'Open' Host Controller (OHCI) Driver
Apr 25 18:53:58 localhost kernel: ohci-pci: OHCI PCI platform driver
Apr 25 18:53:58 localhost kernel: uhci_hcd: USB Universal Host Controller Interface driver
Apr 25 18:53:58 localhost kernel: uhci_hcd 0000:00:1d.0: UHCI Host Controller
Apr 25 18:53:58 localhost kernel: uhci_hcd 0000:00:1d.0: new USB bus registered, assigned bus number 2
Apr 25 18:53:58 localhost kernel: uhci_hcd 0000:00:1d.0: detected 2 ports
Apr 25 18:53:58 localhost kernel: uhci_hcd 0000:00:1d.0: irq 18, io base 0x0000b200
Apr 25 18:53:58 localhost kernel: usb usb2: New USB device found, idVendor=1d6b, idProduct=0001
Apr 25 18:53:58 localhost kernel: usb usb2: New USB device strings: Mfr=3, Product=2, SerialNumber=1
Apr 25 18:53:58 localhost kernel: usb usb2: Product: UHCI Host Controller
Apr 25 18:53:58 localhost kernel: usb usb2: Manufacturer: Linux 3.10.0-693.el7.x86_64 uhci_hcd
Apr 25 18:53:58 localhost kernel: usb usb2: SerialNumber: 0000:00:1d.0
Apr 25 18:53:58 localhost kernel: hub 2-0:1.0: USB hub found
Apr 25 18:53:58 localhost kernel: hub 2-0:1.0: 2 ports detected
Apr 25 18:53:58 localhost kernel: xhci_hcd 0000:00:1d.6: xHCI Host Controller
Apr 25 18:53:58 localhost kernel: xhci_hcd 0000:00:1d.6: new USB bus registered, assigned bus number 3
Apr 25 18:53:58 localhost kernel: xhci_hcd 0000:00:1d.6: hcc params 0x01c10000 hci version 0x100 quirks 0x00000014
Apr 25 18:53:58 localhost kernel: usb usb3: New USB device found, idVendor=1d6b, idProduct=0002
Apr 25 18:53:58 localhost kernel: usb usb3: New USB device strings: Mfr=3, Product=2, SerialNumber=1
Apr 25 18:53:58 localhost kernel: usb usb3: Product: xHCI Host Controller
Apr 25 18:53:58 localhost kernel: usb usb3: Manufacturer: Linux 3.10.0-693.el7.x86_64 xhci-hcd
Apr 25 18:53:58 localhost kernel: usb usb3: SerialNumber: 0000:00:1d.6
Apr 25 18:53:58 localhost kernel: hub 3-0:1.0: USB hub found
Apr 25 18:53:58 localhost kernel: hub 3-0:1.0: 2 ports detected
Apr 25 18:53:58 localhost kernel: xhci_hcd 0000:00:1d.6: xHCI Host Controller
Apr 25 18:53:58 localhost kernel: xhci_hcd 0000:00:1d.6: new USB bus registered, assigned bus number 4
Apr 25 18:53:58 localhost kernel: usb usb4: We don't know the algorithms for LPM for this host, disabling LPM.
Apr 25 18:53:58 localhost kernel: usb usb4: New USB device found, idVendor=1d6b, idProduct=0003
Apr 25 18:53:58 localhost kernel: usb usb4: New USB device strings: Mfr=3, Product=2, SerialNumber=1
Apr 25 18:53:58 localhost kernel: usb usb4: Product: xHCI Host Controller
Apr 25 18:53:58 localhost kernel: usb usb4: Manufacturer: Linux 3.10.0-693.el7.x86_64 xhci-hcd
Apr 25 18:53:58 localhost kernel: usb usb4: SerialNumber: 0000:00:1d.6
Apr 25 18:53:58 localhost kernel: hub 4-0:1.0: USB hub found
Apr 25 18:53:58 localhost kernel: hub 4-0:1.0: 12 ports detected
Apr 25 18:53:58 localhost kernel: usbcore: registered new interface driver usbserial
Apr 25 18:53:58 localhost kernel: usbcore: registered new interface driver usbserial_generic
Apr 25 18:53:58 localhost kernel: usbserial: USB Serial support registered for generic
Apr 25 18:53:58 localhost kernel: i8042: PNP: PS/2 Controller [PNP0303:KBC,PNP0f03:PS2M] at 0x60,0x64 irq 1,12
Apr 25 18:53:58 localhost kernel: serio: i8042 KBD port at 0x60,0x64 irq 1
Apr 25 18:53:58 localhost kernel: serio: i8042 AUX port at 0x60,0x64 irq 12
Apr 25 18:53:58 localhost kernel: mousedev: PS/2 mouse device common for all mice
Apr 25 18:53:58 localhost kernel: rtc_cmos 00:02: rtc core: registered rtc_cmos as rtc0
Apr 25 18:53:58 localhost kernel: rtc_cmos 00:02: alarms up to one day, y3k, 242 bytes nvram, hpet irqs
Apr 25 18:53:58 localhost kernel: cpuidle: using governor menu
Apr 25 18:53:58 localhost kernel: input: AT Translated Set 2 keyboard as /devices/platform/i8042/serio0/input/input2
Apr 25 18:53:58 localhost kernel: ACPI: Battery Slot [BAT0] (battery present)
Apr 25 18:53:58 localhost kernel: hidraw: raw HID events driver (C) Jiri Kosina
Apr 25 18:53:58 localhost kernel: usbcore: registered new interface driver usbhid
Apr 25 18:53:58 localhost kernel: usbhid: USB HID core driver
Apr 25 18:53:58 localhost kernel: drop_monitor: Initializing network drop monitor service
Apr 25 18:53:58 localhost kernel: TCP: cubic registered
Apr 25 18:53:58 localhost kernel: Initializing XFRM netlink socket
Apr 25 18:53:58 localhost kernel: NET: Registered protocol family 10
Apr 25 18:53:58 localhost kernel: NET: Registered protocol family 17
Apr 25 18:53:58 localhost kernel: microcode: CPU0 sig=0x506e3, pf=0x1, revision=0xc2
Apr 25 18:53:58 localhost kernel: microcode: CPU1 sig=0x506e3, pf=0x1, revision=0xc2
Apr 25 18:53:58 localhost kernel: microcode: Microcode Update Driver: v2.01 <tigran@aivazian.fsnet.co.uk>, Peter Oruba
Apr 25 18:53:58 localhost kernel: Loading compiled-in X.509 certificates
Apr 25 18:53:58 localhost kernel: Loaded X.509 cert 'CentOS Linux kpatch signing key: ea0413152cde1d98ebdca3fe6f0230904c9ef717'
Apr 25 18:53:58 localhost kernel: Loaded X.509 cert 'CentOS Linux Driver update signing key: 7f421ee0ab69461574bb358861dbe77762a4201b'
Apr 25 18:53:58 localhost kernel: Loaded X.509 cert 'CentOS Linux kernel signing key: da187dca7dbe53ab05bd13bd0c4e21f422b6a49c'
Apr 25 18:53:58 localhost kernel: registered taskstats version 1
Apr 25 18:53:58 localhost kernel: Key type trusted registered
Apr 25 18:53:58 localhost kernel: Key type encrypted registered
Apr 25 18:53:58 localhost kernel: IMA: No TPM chip found, activating TPM-bypass!
Apr 25 18:53:58 localhost kernel:  Magic number: 14:434:905
Apr 25 18:53:58 localhost kernel: rtc_cmos 00:02: setting system clock to 2018-04-25 21:53:58 UTC (1524693238)
Apr 25 18:53:58 localhost kernel: Freeing unused kernel memory: 1764k freed
Apr 25 18:53:58 localhost systemd[1]: systemd 219 running in system mode. (+PAM +AUDIT +SELINUX +IMA -APPARMOR +SMACK +SYSVINIT +UTMP +LIBCRYPTSETUP +GCRYPT +GNUTLS +ACL +XZ -LZ4 -SECCOMP +BLKID +ELFUTILS +KMOD +IDN)
Apr 25 18:53:58 localhost systemd[1]: Detected virtualization kvm.
Apr 25 18:53:58 localhost systemd[1]: Detected architecture x86-64.
Apr 25 18:53:58 localhost systemd[1]: Running in initial RAM disk.
Apr 25 18:53:58 localhost systemd[1]: Set hostname to <localhost.localdomain>.
Apr 25 18:53:58 localhost systemd[1]: Reached target Timers.
Apr 25 18:53:58 localhost systemd[1]: Starting Timers.
Apr 25 18:53:58 localhost systemd[1]: Reached target Local File Systems.
Apr 25 18:53:58 localhost systemd[1]: Starting Local File Systems.
Apr 25 18:53:58 localhost systemd[1]: Created slice Root Slice.
Apr 25 18:53:58 localhost systemd[1]: Starting Root Slice.
Apr 25 18:53:58 localhost systemd[1]: Listening on udev Control Socket.
Apr 25 18:53:58 localhost systemd[1]: Starting udev Control Socket.
Apr 25 18:53:58 localhost systemd[1]: Listening on udev Kernel Socket.
Apr 25 18:53:58 localhost systemd[1]: Starting udev Kernel Socket.
Apr 25 18:53:58 localhost systemd[1]: Listening on Journal Socket.
Apr 25 18:53:58 localhost systemd[1]: Starting Journal Socket.
Apr 25 18:53:58 localhost systemd[1]: Reached target Sockets.
Apr 25 18:53:58 localhost systemd[1]: Starting Sockets.
Apr 25 18:53:58 localhost systemd[1]: Created slice System Slice.
Apr 25 18:53:58 localhost systemd[1]: Starting System Slice.
Apr 25 18:53:58 localhost systemd[1]: Starting Create list of required static device nodes for the current kernel...
Apr 25 18:53:58 localhost systemd[1]: Starting Apply Kernel Variables...
Apr 25 18:53:58 localhost systemd[1]: Starting Setup Virtual Console...
Apr 25 18:53:58 localhost systemd[1]: Starting dracut cmdline hook...
Apr 25 18:53:58 localhost systemd[1]: Starting Journal Service...
Apr 25 18:53:58 localhost systemd[1]: Reached target Slices.
Apr 25 18:53:58 localhost systemd[1]: Starting Slices.
Apr 25 18:53:58 localhost systemd[1]: Reached target Swap.
Apr 25 18:53:58 localhost systemd[1]: Starting Swap.
Apr 25 18:53:58 localhost systemd[1]: Started Create list of required static device nodes for the current kernel.
Apr 25 18:53:58 localhost systemd[1]: Started Apply Kernel Variables.
Apr 25 18:53:58 localhost systemd[1]: Starting Create Static Device Nodes in /dev...
Apr 25 18:53:58 localhost systemd[1]: Started Create Static Device Nodes in /dev.
Apr 25 18:53:58 localhost journal: Journal started
Apr 25 18:53:58 localhost systemd[1]: Started Journal Service.
Apr 25 18:53:58 localhost systemd: Started Setup Virtual Console.
Apr 25 18:53:58 localhost systemd: Started dracut cmdline hook.
Apr 25 18:53:58 localhost systemd: Starting dracut pre-udev hook...
Apr 25 18:53:58 localhost kernel: device-mapper: uevent: version 1.0.3
Apr 25 18:53:58 localhost kernel: device-mapper: ioctl: 4.35.0-ioctl (2016-06-23) initialised: dm-devel@redhat.com
Apr 25 18:53:58 localhost systemd: Started dracut pre-udev hook.
Apr 25 18:53:58 localhost systemd: Starting udev Kernel Device Manager...
Apr 25 18:53:58 localhost systemd-udevd: starting version 219
Apr 25 18:53:58 localhost systemd: Started udev Kernel Device Manager.
Apr 25 18:53:58 localhost systemd: Starting udev Coldplug all Devices...
Apr 25 18:53:58 localhost kernel: usb 1-1: new high-speed USB device number 2 using ehci-pci
Apr 25 18:53:58 localhost systemd: Mounting Configuration File System...
Apr 25 18:53:58 localhost systemd: Mounted Configuration File System.
Apr 25 18:53:58 localhost systemd: Started udev Coldplug all Devices.
Apr 25 18:53:58 localhost systemd: Reached target System Initialization.
Apr 25 18:53:58 localhost systemd: Starting System Initialization.
Apr 25 18:53:58 localhost systemd: Starting Show Plymouth Boot Screen...
Apr 25 18:53:58 localhost systemd: Starting dracut initqueue hook...
Apr 25 18:53:58 localhost kernel: virtio-pci 0000:00:05.0: enabling device (0000 -> 0003)
Apr 25 18:53:58 localhost kernel: virtio-pci 0000:00:05.0: virtio_pci: leaving for legacy driver
Apr 25 18:53:58 localhost kernel: virtio-pci 0000:00:0e.0: enabling device (0000 -> 0001)
Apr 25 18:53:58 localhost kernel: virtio-pci 0000:00:0e.0: virtio_pci: leaving for legacy driver
Apr 25 18:53:58 localhost systemd: Started Show Plymouth Boot Screen.
Apr 25 18:53:58 localhost systemd: Started Forward Password Requests to Plymouth Directory Watch.
Apr 25 18:53:58 localhost systemd: Starting Forward Password Requests to Plymouth Directory Watch.
Apr 25 18:53:58 localhost systemd: Reached target Paths.
Apr 25 18:53:58 localhost systemd: Starting Paths.
Apr 25 18:53:58 localhost systemd: Reached target Basic System.
Apr 25 18:53:58 localhost systemd: Starting Basic System.
Apr 25 18:53:58 localhost kernel: scsi host0: ata_piix
Apr 25 18:53:58 localhost kernel: scsi host1: ata_piix
Apr 25 18:53:58 localhost kernel: ata1: PATA max UDMA/100 cmd 0x1f0 ctl 0x3f6 bmdma 0xe000 irq 14
Apr 25 18:53:58 localhost kernel: ata2: PATA max UDMA/100 cmd 0x170 ctl 0x376 bmdma 0xe008 irq 15
Apr 25 18:53:58 localhost kernel: ahci 0000:00:1f.2: SSS flag set, parallel bus scan disabled
Apr 25 18:53:58 localhost kernel: ahci 0000:00:1f.2: AHCI 0001.0100 32 slots 6 ports 3 Gbps 0x3f impl SATA mode
Apr 25 18:53:58 localhost kernel: ahci 0000:00:1f.2: flags: 64bit ncq stag pm led only slum part 
Apr 25 18:53:58 localhost kernel: usb 1-1: New USB device found, idVendor=203a, idProduct=fff9
Apr 25 18:53:58 localhost kernel: usb 1-1: New USB device strings: Mfr=1, Product=2, SerialNumber=3
Apr 25 18:53:58 localhost kernel: usb 1-1: Product: FaceTime HD Camera
Apr 25 18:53:58 localhost kernel: usb 1-1: Manufacturer: Parallels
Apr 25 18:53:58 localhost kernel: usb 1-1: SerialNumber: 0x1420000005ac8600
Apr 25 18:53:58 localhost kernel: scsi host2: ahci
Apr 25 18:53:58 localhost kernel: scsi host3: ahci
Apr 25 18:53:58 localhost kernel: scsi host4: ahci
Apr 25 18:53:58 localhost kernel: scsi host5: ahci
Apr 25 18:53:58 localhost kernel: scsi host6: ahci
Apr 25 18:53:58 localhost kernel: scsi host7: ahci
Apr 25 18:53:58 localhost kernel: ata3: SATA max UDMA/133 abar m8192@0xf0200000 port 0xf0200100 irq 28
Apr 25 18:53:58 localhost kernel: ata4: SATA max UDMA/133 abar m8192@0xf0200000 port 0xf0200180 irq 28
Apr 25 18:53:58 localhost kernel: ata5: SATA max UDMA/133 abar m8192@0xf0200000 port 0xf0200200 irq 28
Apr 25 18:53:58 localhost kernel: ata6: SATA max UDMA/133 abar m8192@0xf0200000 port 0xf0200280 irq 28
Apr 25 18:53:58 localhost kernel: ata7: SATA max UDMA/133 abar m8192@0xf0200000 port 0xf0200300 irq 28
Apr 25 18:53:58 localhost kernel: ata8: SATA max UDMA/133 abar m8192@0xf0200000 port 0xf0200380 irq 28
Apr 25 18:53:59 localhost kernel: ata3: SATA link up 1.5 Gbps (SStatus 113 SControl 300)
Apr 25 18:53:59 localhost kernel: ata3.00: ATA-8: CentOS Linux-0 SSD, F.QMBGCM, max UDMA/100
Apr 25 18:53:59 localhost kernel: ata3.00: 20971520 sectors, multi 0: LBA48 NCQ (depth 31/32)
Apr 25 18:53:59 localhost kernel: ata3.00: configured for UDMA/100
Apr 25 18:53:59 localhost kernel: scsi 2:0:0:0: Direct-Access     ATA      CentOS Linux-0 S BGCM PQ: 0 ANSI: 5
Apr 25 18:53:59 localhost kernel: input: ImExPS/2 Generic Explorer Mouse as /devices/platform/i8042/serio1/input/input3
Apr 25 18:53:59 localhost kernel: tsc: Refined TSC clocksource calibration: 2711.996 MHz
Apr 25 18:53:59 localhost kernel: ata4: SATA link up 1.5 Gbps (SStatus 113 SControl 300)
Apr 25 18:53:59 localhost kernel: ata4.00: ATAPI: Virtual DVD-ROM [1], FWR1, max UDMA/25
Apr 25 18:53:59 localhost kernel: ata4.00: configured for UDMA/25
Apr 25 18:53:59 localhost kernel: scsi 3:0:0:0: CD-ROM                     Virtual DVD-ROM  R103 PQ: 0 ANSI: 5
Apr 25 18:53:59 localhost kernel: ata5: SATA link up 1.5 Gbps (SStatus 113 SControl 300)
Apr 25 18:53:59 localhost kernel: ata5.00: ATAPI: Virtual DVD-ROM [2], FWR1, max UDMA/25
Apr 25 18:53:59 localhost kernel: ata5.00: configured for UDMA/25
Apr 25 18:53:59 localhost kernel: scsi 4:0:0:0: CD-ROM                     Virtual DVD-ROM  R103 PQ: 0 ANSI: 5
Apr 25 18:54:00 localhost kernel: ata6: SATA link down (SStatus 0 SControl 300)
Apr 25 18:54:00 localhost kernel: ata7: SATA link down (SStatus 0 SControl 300)
Apr 25 18:54:00 localhost kernel: ata8: SATA link down (SStatus 0 SControl 300)
Apr 25 18:54:00 localhost kernel: sr 3:0:0:0: [sr0] scsi3-mmc drive: 44x/44x cd/rw xa/form2 cdda tray
Apr 25 18:54:00 localhost kernel: cdrom: Uniform CD-ROM driver Revision: 3.20
Apr 25 18:54:00 localhost kernel: sd 2:0:0:0: [sda] 20971520 512-byte logical blocks: (10.7 GB/10.0 GiB)
Apr 25 18:54:00 localhost kernel: sd 2:0:0:0: [sda] 4096-byte physical blocks
Apr 25 18:54:00 localhost kernel: sd 2:0:0:0: [sda] Write Protect is off
Apr 25 18:54:00 localhost kernel: sd 2:0:0:0: [sda] Write cache: enabled, read cache: enabled, doesn't support DPO or FUA
Apr 25 18:54:00 localhost kernel: sda: sda1 sda2
Apr 25 18:54:00 localhost kernel: sd 2:0:0:0: [sda] Attached SCSI disk
Apr 25 18:54:00 localhost kernel: sr 4:0:0:0: [sr1] scsi3-mmc drive: 44x/44x cd/rw xa/form2 cdda tray
Apr 25 18:54:00 localhost systemd: Found device /dev/mapper/VolGroup-lv_root.
Apr 25 18:54:00 localhost systemd: Starting File System Check on /dev/mapper/VolGroup-lv_root...
Apr 25 18:54:00 localhost systemd-fsck: /dev/mapper/VolGroup-lv_root: clean, 47275/450560 files, 398555/1801216 blocks
Apr 25 18:54:00 localhost systemd: Started File System Check on /dev/mapper/VolGroup-lv_root.
Apr 25 18:54:00 localhost systemd: Started dracut initqueue hook.
Apr 25 18:54:00 localhost systemd: Mounting /sysroot...
Apr 25 18:54:00 localhost systemd: Reached target Remote File Systems (Pre).
Apr 25 18:54:00 localhost systemd: Starting Remote File Systems (Pre).
Apr 25 18:54:00 localhost systemd: Reached target Remote File Systems.
Apr 25 18:54:00 localhost systemd: Starting Remote File Systems.
Apr 25 18:54:00 localhost systemd: Mounted /sysroot.
Apr 25 18:54:00 localhost systemd: Reached target Initrd Root File System.
Apr 25 18:54:00 localhost systemd: Starting Initrd Root File System.
Apr 25 18:54:00 localhost systemd: Starting Reload Configuration from the Real Root...
Apr 25 18:54:00 localhost kernel: EXT4-fs (dm-0): mounted filesystem with ordered data mode. Opts: (null)
Apr 25 18:54:00 localhost systemd: Reloading.
Apr 25 18:54:00 localhost systemd: Started Reload Configuration from the Real Root.
Apr 25 18:54:00 localhost systemd: Reached target Initrd File Systems.
Apr 25 18:54:00 localhost systemd: Starting Initrd File Systems.
Apr 25 18:54:00 localhost systemd: Reached target Initrd Default Target.
Apr 25 18:54:00 localhost systemd: Starting Initrd Default Target.
Apr 25 18:54:00 localhost systemd: Starting dracut pre-pivot and cleanup hook...
Apr 25 18:54:01 localhost systemd: Started dracut pre-pivot and cleanup hook.
Apr 25 18:54:01 localhost systemd: Starting Cleaning Up and Shutting Down Daemons...
Apr 25 18:54:01 localhost systemd: Starting Plymouth switch root service...
Apr 25 18:54:01 localhost systemd: Stopped target Timers.
Apr 25 18:54:01 localhost systemd: Stopping Timers.
Apr 25 18:54:01 localhost systemd: Stopped Cleaning Up and Shutting Down Daemons.
Apr 25 18:54:01 localhost systemd: Stopped dracut pre-pivot and cleanup hook.
Apr 25 18:54:01 localhost systemd: Stopping dracut pre-pivot and cleanup hook...
Apr 25 18:54:01 localhost systemd: Stopped target Remote File Systems.
Apr 25 18:54:01 localhost systemd: Stopping Remote File Systems.
Apr 25 18:54:01 localhost systemd: Stopped target Remote File Systems (Pre).
Apr 25 18:54:01 localhost systemd: Stopping Remote File Systems (Pre).
Apr 25 18:54:01 localhost systemd: Stopped dracut initqueue hook.
Apr 25 18:54:01 localhost systemd: Stopping dracut initqueue hook...
Apr 25 18:54:01 localhost systemd: Stopped target Initrd Default Target.
Apr 25 18:54:01 localhost systemd: Stopping Initrd Default Target.
Apr 25 18:54:01 localhost systemd: Stopped target Basic System.
Apr 25 18:54:01 localhost systemd: Stopping Basic System.
Apr 25 18:54:01 localhost systemd: Stopped target Paths.
Apr 25 18:54:01 localhost systemd: Stopping Paths.
Apr 25 18:54:01 localhost systemd: Stopped target System Initialization.
Apr 25 18:54:01 localhost systemd: Stopping System Initialization.
Apr 25 18:54:01 localhost systemd: Stopped target Swap.
Apr 25 18:54:01 localhost systemd: Stopping Swap.
Apr 25 18:54:01 localhost systemd: Stopped Apply Kernel Variables.
Apr 25 18:54:01 localhost systemd: Stopping Apply Kernel Variables...
Apr 25 18:54:01 localhost systemd: Stopping udev Kernel Device Manager...
Apr 25 18:54:01 localhost systemd: Stopped udev Coldplug all Devices.
Apr 25 18:54:01 localhost systemd: Stopping udev Coldplug all Devices...
Apr 25 18:54:01 localhost systemd: Stopped target Local File Systems.
Apr 25 18:54:01 localhost systemd: Stopping Local File Systems.
Apr 25 18:54:01 localhost systemd: Stopped target Slices.
Apr 25 18:54:01 localhost systemd: Stopping Slices.
Apr 25 18:54:01 localhost systemd: Stopped target Sockets.
Apr 25 18:54:01 localhost systemd: Stopping Sockets.
Apr 25 18:54:01 localhost systemd: Stopped udev Kernel Device Manager.
Apr 25 18:54:01 localhost systemd: Stopped Create Static Device Nodes in /dev.
Apr 25 18:54:01 localhost systemd: Stopping Create Static Device Nodes in /dev...
Apr 25 18:54:01 localhost systemd: Stopped Create list of required static device nodes for the current kernel.
Apr 25 18:54:01 localhost systemd: Stopping Create list of required static device nodes for the current kernel...
Apr 25 18:54:01 localhost systemd: Stopped dracut pre-udev hook.
Apr 25 18:54:01 localhost systemd: Stopping dracut pre-udev hook...
Apr 25 18:54:01 localhost systemd: Stopped dracut cmdline hook.
Apr 25 18:54:01 localhost systemd: Stopping dracut cmdline hook...
Apr 25 18:54:01 localhost systemd: Closed udev Control Socket.
Apr 25 18:54:01 localhost systemd: Stopping udev Control Socket.
Apr 25 18:54:01 localhost systemd: Closed udev Kernel Socket.
Apr 25 18:54:01 localhost systemd: Stopping udev Kernel Socket.
Apr 25 18:54:01 localhost systemd: Starting Cleanup udevd DB...
Apr 25 18:54:01 localhost systemd: Started Cleanup udevd DB.
Apr 25 18:54:01 localhost systemd: Reached target Switch Root.
Apr 25 18:54:01 localhost systemd: Starting Switch Root.
Apr 25 18:54:01 localhost systemd: Started Plymouth switch root service.
Apr 25 18:54:01 localhost systemd: Starting Switch Root...
Apr 25 18:54:01 localhost systemd: Switching root.
Apr 25 18:54:01 localhost journal: Journal stopped
Apr 25 18:54:01 localhost journal: Runtime journal is using 8.0M (max allowed 91.7M, trying to leave 137.6M free of 909.6M available → current limit 91.7M).
Apr 25 18:54:01 localhost journal: Runtime journal is using 8.0M (max allowed 91.7M, trying to leave 137.6M free of 909.6M available → current limit 91.7M).
Apr 25 18:54:01 localhost systemd-journald[99]: Received SIGTERM from PID 1 (systemd).
Apr 25 18:54:01 localhost kernel: type=1404 audit(1524693241.088:2): enforcing=1 old_enforcing=0 auid=4294967295 ses=4294967295
Apr 25 18:54:01 localhost kernel: type=1403 audit(1524693241.260:3): policy loaded auid=4294967295 ses=4294967295
Apr 25 18:54:01 localhost systemd[1]: Successfully loaded SELinux policy in 175.807ms.
Apr 25 18:54:01 localhost kernel: ip_tables: (C) 2000-2006 Netfilter Core Team
Apr 25 18:54:01 localhost systemd[1]: Inserted module 'ip_tables'
Apr 25 18:54:01 localhost systemd[1]: Relabelled /dev and /run in 10.809ms.
Apr 25 18:54:01 localhost kernel: EXT4-fs (dm-0): re-mounted. Opts: (null)
Apr 25 18:54:01 localhost journal: Journal started
Apr 25 18:54:01 localhost systemd: systemd 219 running in system mode. (+PAM +AUDIT +SELINUX +IMA -APPARMOR +SMACK +SYSVINIT +UTMP +LIBCRYPTSETUP +GCRYPT +GNUTLS +ACL +XZ -LZ4 -SECCOMP +BLKID +ELFUTILS +KMOD +IDN)
Apr 25 18:54:01 localhost systemd: Detected virtualization kvm.
Apr 25 18:54:01 localhost systemd: Detected architecture x86-64.
Apr 25 18:54:01 localhost systemd: Set hostname to <localhost.localdomain>.
Apr 25 18:54:01 localhost systemd: Cannot add dependency job for unit display-manager.service, ignoring: Unit not found.
Apr 25 18:54:01 localhost systemd: Started Create list of required static device nodes for the current kernel.
Apr 25 18:54:01 localhost systemd: Started Remount Root and Kernel File Systems.
Apr 25 18:54:01 localhost systemd: Started LVM2 metadata daemon.
Apr 25 18:54:01 localhost systemd: Starting LVM2 metadata daemon...
Apr 25 18:54:01 localhost systemd: Starting Configure read-only root support...
Apr 25 18:54:01 localhost systemd: Starting Load/Save Random Seed...
Apr 25 18:54:01 localhost systemd: Starting Rebuild Hardware Database...
Apr 25 18:54:01 localhost systemd: Starting Create Static Device Nodes in /dev...
Apr 25 18:54:01 localhost systemd: Starting Flush Journal to Persistent Storage...
Apr 25 18:54:01 localhost systemd: Started Apply Kernel Variables.
Apr 25 18:54:01 localhost systemd: Started Load/Save Random Seed.
Apr 25 18:54:01 localhost journal: Runtime journal is using 8.0M (max allowed 91.7M, trying to leave 137.6M free of 909.6M available → current limit 91.7M).
Apr 25 18:54:01 localhost systemd: Started Flush Journal to Persistent Storage.
Apr 25 18:54:01 localhost systemd: Started Create Static Device Nodes in /dev.
Apr 25 18:54:01 localhost systemd: Starting udev Kernel Device Manager...
Apr 25 18:54:01 localhost systemd-udevd: starting version 219
Apr 25 18:54:01 localhost systemd: Started Configure read-only root support.
Apr 25 18:54:01 localhost systemd: Started udev Kernel Device Manager.
Apr 25 18:54:01 localhost systemd: Started Rebuild Hardware Database.
Apr 25 18:54:01 localhost systemd: Starting udev Coldplug all Devices...
Apr 25 18:54:01 localhost systemd: Started udev Coldplug all Devices.
Apr 25 18:54:01 localhost kernel: prl_tg: loading out-of-tree module taints kernel.
Apr 25 18:54:01 localhost kernel: prl_tg: module license 'Parallels' taints kernel.
Apr 25 18:54:01 localhost kernel: Disabling lock debugging due to kernel taint
Apr 25 18:54:01 localhost kernel: prl_tg: module verification failed: signature and/or required key missing - tainting kernel
Apr 25 18:54:01 localhost kernel: Parallels Toolgate driver 1.3.0 loaded
Apr 25 18:54:01 localhost kernel: detected Parallels ToolGate, base addr 00008000, IRQ 29
Apr 25 18:54:01 localhost kernel: Parallels Video ToolGate: memory physaddr b0000000, size 64Mb
Apr 25 18:54:01 localhost kernel: detected Parallels Video ToolGate, base addr 00006000, IRQ 30
Apr 25 18:54:01 localhost kernel: shpchp: Standard Hot Plug PCI Controller Driver version: 0.4
Apr 25 18:54:01 localhost kernel: lpc_ich 0000:00:1f.0: RCBA is disabled by hardware/BIOS, device disabled
Apr 25 18:54:01 localhost kernel: ACPI Warning: SystemIO range 0x0000000000004028-0x000000000000402f conflicts with OpRegion 0x0000000000004000-0x000000000000404e (\PMIO) (20130517/utaddress-254)
Apr 25 18:54:01 localhost kernel: ACPI: If an ACPI driver is available for this device, you should use it instead of the native driver
Apr 25 18:54:01 localhost kernel: lpc_ich: Resource conflict(s) found affecting gpio_ich
Apr 25 18:54:01 localhost kernel: i801_smbus 0000:00:1f.3: Enabling SMBus device
Apr 25 18:54:01 localhost kernel: i801_smbus 0000:00:1f.3: SMBus using polling
Apr 25 18:54:01 localhost kernel: input: PC Speaker as /devices/platform/pcspkr/input/input4
Apr 25 18:54:01 localhost kernel: Linux video capture interface: v2.00
Apr 25 18:54:01 localhost kernel: sd 2:0:0:0: Attached scsi generic sg0 type 0
Apr 25 18:54:01 localhost kernel: sr 3:0:0:0: Attached scsi generic sg1 type 5
Apr 25 18:54:01 localhost kernel: sr 4:0:0:0: Attached scsi generic sg2 type 5
Apr 25 18:54:01 localhost kernel: AES CTR mode by8 optimization enabled
Apr 25 18:54:01 localhost kernel: uvcvideo: Found UVC 1.00 device FaceTime HD Camera (203a:fff9)
Apr 25 18:54:01 localhost kernel: usbcore: registered new interface driver uvcvideo
Apr 25 18:54:01 localhost kernel: USB Video Class driver (1.1.1)
Apr 25 18:54:02 localhost systemd: Created slice system-lvm2\x2dpvscan.slice.
Apr 25 18:54:02 localhost systemd: Starting system-lvm2\x2dpvscan.slice.
Apr 25 18:54:02 localhost systemd: Starting LVM2 PV scan on device 8:2...
Apr 25 18:54:02 localhost systemd: Found device CentOS_Linux-0_SSD 1.
Apr 25 18:54:02 localhost kernel: gpio_ich: GPIO from 462 to 511 on gpio_ich
Apr 25 18:54:02 localhost kernel: alg: No test for __gcm-aes-aesni (__driver-gcm-aes-aesni)
Apr 25 18:54:02 localhost systemd: Found device /dev/mapper/VolGroup-lv_swap.
Apr 25 18:54:02 localhost systemd: Activating swap /dev/mapper/VolGroup-lv_swap...
Apr 25 18:54:02 localhost kernel: ppdev: user-space parallel port driver
Apr 25 18:54:02 localhost kernel: Adding 2064380k swap on /dev/mapper/VolGroup-lv_swap.  Priority:-1 extents:1 across:2064380k SSFS
Apr 25 18:54:02 localhost systemd: Activated swap /dev/mapper/VolGroup-lv_swap.
Apr 25 18:54:02 localhost systemd: Reached target Swap.
Apr 25 18:54:02 localhost systemd: Starting Swap.
Apr 25 18:54:02 localhost lvm: WARNING: lvmetad is being updated, retrying (setup) for 10 more seconds.
Apr 25 18:54:02 localhost kernel: snd_intel8x0 0000:00:1f.4: enable Parallels VM optimization
Apr 25 18:54:02 localhost kernel: alg: No test for crc32 (crc32-pclmul)
Apr 25 18:54:02 localhost lvm: 2 logical volume(s) in volume group "VolGroup" monitored
Apr 25 18:54:02 localhost systemd: Started Monitoring of LVM2 mirrors, snapshots etc. using dmeventd or progress polling.
Apr 25 18:54:02 localhost systemd: Reached target Local File Systems (Pre).
Apr 25 18:54:02 localhost systemd: Starting Local File Systems (Pre).
Apr 25 18:54:02 localhost systemd: Starting File System Check on /dev/disk/by-uuid/8fc360a0-e1f9-48f7-938e-341ed7519355...
Apr 25 18:54:02 localhost systemd-fsck: /dev/sda1: clean, 335/128016 files, 120121/512000 blocks
Apr 25 18:54:02 localhost systemd: Started File System Check on /dev/disk/by-uuid/8fc360a0-e1f9-48f7-938e-341ed7519355.
Apr 25 18:54:02 localhost systemd: Mounting /boot...
Apr 25 18:54:02 localhost kernel: EXT4-fs (sda1): mounted filesystem with ordered data mode. Opts: (null)
Apr 25 18:54:02 localhost systemd: Mounted /boot.
Apr 25 18:54:02 localhost kernel: snd_intel8x0 0000:00:1f.4: intel8x0_measure_ac97_clock: measured 50897 usecs (2517 samples)
Apr 25 18:54:02 localhost kernel: snd_intel8x0 0000:00:1f.4: clocking to 46590
Apr 25 18:54:02 localhost systemd: Reached target Sound Card.
Apr 25 18:54:02 localhost systemd: Starting Sound Card.
Apr 25 18:54:03 localhost systemd: Found device /dev/mapper/VolGroup-lv_home.
Apr 25 18:54:03 localhost lvm: 3 logical volume(s) in volume group "VolGroup" now active
Apr 25 18:54:03 localhost systemd: Starting File System Check on /dev/mapper/VolGroup-lv_home...
Apr 25 18:54:03 localhost systemd: Started LVM2 PV scan on device 8:2.
Apr 25 18:54:03 localhost systemd-fsck: /dev/mapper/VolGroup-lv_home: clean, 17/43776 files, 7203/175104 blocks
Apr 25 18:54:03 localhost systemd: Started File System Check on /dev/mapper/VolGroup-lv_home.
Apr 25 18:54:03 localhost systemd: Mounting /home...
Apr 25 18:54:03 localhost kernel: EXT4-fs (dm-2): mounted filesystem with ordered data mode. Opts: (null)
Apr 25 18:54:03 localhost systemd: Mounted /home.
Apr 25 18:54:03 localhost systemd: Reached target Local File Systems.
Apr 25 18:54:03 localhost systemd: Starting Local File Systems.
Apr 25 18:54:03 localhost systemd: Starting Migrate local SELinux policy changes from the old store structure to the new structure...
Apr 25 18:54:03 localhost systemd: Starting Import network configuration from initramfs...
Apr 25 18:54:03 localhost systemd: Starting Tell Plymouth To Write Out Runtime Data...
Apr 25 18:54:03 localhost systemd: Starting Rebuild Journal Catalog...
Apr 25 18:54:03 localhost systemd: Started Rebuild Journal Catalog.
Apr 25 18:54:03 localhost systemd: Starting Update is Completed...
Apr 25 18:54:03 localhost systemd: Started Tell Plymouth To Write Out Runtime Data.
Apr 25 18:54:03 localhost systemd: Started Update is Completed.
Apr 25 18:54:03 localhost systemd: Started Migrate local SELinux policy changes from the old store structure to the new structure.
Apr 25 18:54:03 localhost systemd: Started Import network configuration from initramfs.
Apr 25 18:54:03 localhost systemd: Starting Create Volatile Files and Directories...
Apr 25 18:54:03 localhost systemd: Started Create Volatile Files and Directories.
Apr 25 18:54:03 localhost systemd: Starting Security Auditing Service...
Apr 25 18:54:03 localhost auditd[651]: Started dispatcher: /sbin/audispd pid: 653
Apr 25 18:54:03 localhost kernel: type=1305 audit(1524693243.513:4): audit_pid=651 old=0 auid=4294967295 ses=4294967295 subj=system_u:system_r:auditd_t:s0 res=1
Apr 25 18:54:03 localhost audispd: No plugins found, exiting
Apr 25 18:54:03 localhost auditd[651]: dispatcher 653 reaped
Apr 25 18:54:03 localhost auditd[651]: Init complete, auditd 2.7.6 listening for events (startup state enable)
Apr 25 18:54:03 localhost augenrules: No rules
Apr 25 18:54:03 localhost augenrules: enabled 1
Apr 25 18:54:03 localhost augenrules: failure 1
Apr 25 18:54:03 localhost augenrules: pid 651
Apr 25 18:54:03 localhost augenrules: rate_limit 0
Apr 25 18:54:03 localhost augenrules: backlog_limit 8192
Apr 25 18:54:03 localhost augenrules: lost 0
Apr 25 18:54:03 localhost augenrules: backlog 0
Apr 25 18:54:03 localhost augenrules: enabled 1
Apr 25 18:54:03 localhost augenrules: failure 1
Apr 25 18:54:03 localhost augenrules: pid 651
Apr 25 18:54:03 localhost augenrules: rate_limit 0
Apr 25 18:54:03 localhost augenrules: backlog_limit 8192
Apr 25 18:54:03 localhost augenrules: lost 0
Apr 25 18:54:03 localhost augenrules: backlog 1
Apr 25 18:54:03 localhost systemd: Started Security Auditing Service.
Apr 25 18:54:03 localhost systemd: Starting Update UTMP about System Boot/Shutdown...
Apr 25 18:54:03 localhost systemd: Started Update UTMP about System Boot/Shutdown.
Apr 25 18:54:03 localhost systemd: Reached target System Initialization.
Apr 25 18:54:03 localhost systemd: Starting System Initialization.
Apr 25 18:54:03 localhost systemd: Started Daily Cleanup of Temporary Directories.
Apr 25 18:54:03 localhost systemd: Starting Daily Cleanup of Temporary Directories.
Apr 25 18:54:03 localhost systemd: Reached target Timers.
Apr 25 18:54:03 localhost systemd: Starting Timers.
Apr 25 18:54:03 localhost systemd: Listening on D-Bus System Message Bus Socket.
Apr 25 18:54:03 localhost systemd: Starting D-Bus System Message Bus Socket.
Apr 25 18:54:03 localhost systemd: Reached target Sockets.
Apr 25 18:54:03 localhost systemd: Starting Sockets.
Apr 25 18:54:03 localhost systemd: Started Flexible branding.
Apr 25 18:54:03 localhost systemd: Starting Flexible branding.
Apr 25 18:54:03 localhost systemd: Reached target Paths.
Apr 25 18:54:03 localhost systemd: Starting Paths.
Apr 25 18:54:03 localhost systemd: Reached target Basic System.
Apr 25 18:54:03 localhost systemd: Starting Basic System.
Apr 25 18:54:03 localhost systemd: Starting Login Service...
Apr 25 18:54:03 localhost systemd: Starting Permit User Sessions...
Apr 25 18:54:03 localhost systemd: Started D-Bus System Message Bus.
Apr 25 18:54:03 localhost dbus-daemon: dbus[679]: [system] Successfully activated service 'org.freedesktop.systemd1'
Apr 25 18:54:03 localhost dbus[679]: [system] Successfully activated service 'org.freedesktop.systemd1'
Apr 25 18:54:03 localhost systemd: Starting D-Bus System Message Bus...
Apr 25 18:54:03 localhost systemd: Started irqbalance daemon.
Apr 25 18:54:03 localhost systemd: Starting irqbalance daemon...
Apr 25 18:54:03 localhost systemd: Starting "Parallels Tools Updater"...
Apr 25 18:54:03 localhost systemd: Starting Dump dmesg to /var/log/dmesg...
Apr 25 18:54:03 localhost systemd: Starting NTP client/server...
Apr 25 18:54:03 localhost systemd: Starting System Logging Service...
Apr 25 18:54:03 localhost systemd: Starting OpenSSH Server Key Generation...
Apr 25 18:54:03 localhost systemd: Starting Authorization Manager...
Apr 25 18:54:03 localhost systemd: Started Permit User Sessions.
Apr 25 18:54:03 localhost systemd-logind: Watching system buttons on /dev/input/event0 (Power Button)
Apr 25 18:54:03 localhost systemd-logind: Watching system buttons on /dev/input/event1 (Sleep Button)
Apr 25 18:54:03 localhost systemd-logind: New seat seat0.
Apr 25 18:54:03 localhost systemd: Started Login Service.
Apr 25 18:54:03 localhost systemd: Received SIGRTMIN+20 from PID 273 (plymouthd).
Apr 25 18:54:03 localhost systemd: Starting Terminate Plymouth Boot Screen...
Apr 25 18:54:03 localhost systemd: Started Command Scheduler.
Apr 25 18:54:03 localhost systemd: Starting Command Scheduler...
Apr 25 18:54:03 localhost systemd: Starting Wait for Plymouth Boot Screen to Quit...
Apr 25 18:54:03 localhost systemd: Received SIGRTMIN+21 from PID 273 (plymouthd).
Apr 25 18:54:03 localhost systemd: Started Dump dmesg to /var/log/dmesg.
Apr 25 18:54:03 localhost chronyd[696]: chronyd version 3.1 starting (+CMDMON +NTP +REFCLOCK +RTC +PRIVDROP +SCFILTER +SECHASH +SIGND +ASYNCDNS +IPV6 +DEBUG)
Apr 25 18:54:03 localhost systemd: Started Terminate Plymouth Boot Screen.
Apr 25 18:54:03 localhost systemd: Started Wait for Plymouth Boot Screen to Quit.
Apr 25 18:54:03 localhost systemd: Started Getty on tty1.
Apr 25 18:54:03 localhost systemd: Starting Getty on tty1...
Apr 25 18:54:03 localhost systemd: Reached target Login Prompts.
Apr 25 18:54:03 localhost systemd: Starting Login Prompts.
Apr 25 18:54:03 localhost rsyslogd: [origin software="rsyslogd" swVersion="8.24.0" x-pid="686" x-info="http://www.rsyslog.com"] start
Apr 25 18:54:03 localhost polkitd[688]: Started polkitd version 0.112
Apr 25 18:54:03 localhost systemd: Started System Logging Service.
Apr 25 18:54:03 localhost systemd: Started NTP client/server.
Apr 25 18:54:03 localhost systemd: Started Authorization Manager.
Apr 25 18:54:03 localhost systemd: Starting firewalld - dynamic firewall daemon...
Apr 25 18:54:03 localhost prltools_updater.sh: Error: XFree86 server is not supported now
Apr 25 18:54:03 localhost prltools_updater.sh: Error: could not determine X server version
Apr 25 18:54:03 localhost prltools_updater.sh: Error: Can't detect Xorg server version, exitting
Apr 25 18:54:03 localhost systemd: prltools_updater.service: main process exited, code=exited, status=1/FAILURE
Apr 25 18:54:03 localhost systemd: Failed to start "Parallels Tools Updater".
Apr 25 18:54:03 localhost systemd: Dependency failed for Graphical Interface.
Apr 25 18:54:03 localhost systemd: Job graphical.target/start failed with result 'dependency'.
Apr 25 18:54:03 localhost systemd: Unit prltools_updater.service entered failed state.
Apr 25 18:54:03 localhost systemd: prltools_updater.service failed.
Apr 25 18:54:03 localhost systemd: Starting Parallels Tools OpenGL switcher...
Apr 25 18:54:03 localhost systemd: Starting Parallels Tools Daemon...
Apr 25 18:54:04 localhost prltoolsd: Loading Parallels ToolsGate driver: done
Apr 25 18:54:04 localhost prltoolsd: Loading Parallels Network driver: done
Apr 25 18:54:04 localhost kernel: Parallels Linux shared folders filesystem driver 1.2.5 loaded
Apr 25 18:54:04 localhost prltoolsd: Loading Parallels Shared Folders driver: done
Apr 25 18:54:04 localhost systemd: Started Parallels Tools OpenGL switcher.
Apr 25 18:54:04 localhost prltoolsd: Mounting Parallels Shared Folders: done
Apr 25 18:54:04 localhost prltoolsd: Loading Parallels Filesystem Freeze driver: done
Apr 25 18:54:04 localhost sshd-keygen: Generating SSH2 RSA host key: [  OK  ]
Apr 25 18:54:04 localhost sshd-keygen: Generating SSH2 ECDSA host key: [  OK  ]
Apr 25 18:54:04 localhost prltoolsd: Starting Parallels tools daemon: done
Apr 25 18:54:04 localhost systemd: Started Parallels Tools Daemon.
Apr 25 18:54:04 localhost sshd-keygen: Generating SSH2 ED25519 host key: [  OK  ]
Apr 25 18:54:04 localhost systemd: Started OpenSSH Server Key Generation.
Apr 25 18:54:04 localhost su: (to uiraribeiro) root on none
Apr 25 18:54:04 localhost systemd: Created slice User Slice of uiraribeiro.
Apr 25 18:54:04 localhost systemd: Starting User Slice of uiraribeiro.
Apr 25 18:54:04 localhost systemd: Started Session c1 of user uiraribeiro.
Apr 25 18:54:04 localhost systemd: Starting Session c1 of user uiraribeiro.
Apr 25 18:54:04 localhost systemd: Removed slice User Slice of uiraribeiro.
Apr 25 18:54:04 localhost systemd: Stopping User Slice of uiraribeiro.
Apr 25 18:54:04 localhost systemd: Started firewalld - dynamic firewall daemon.
Apr 25 18:54:04 localhost systemd: Reached target Network (Pre).
Apr 25 18:54:04 localhost systemd: Starting Network (Pre).
Apr 25 18:54:04 localhost systemd: Starting Network Manager...
Apr 25 18:54:04 localhost NetworkManager[1076]: <info>  [1524693244.4786] NetworkManager (version 1.8.0-9.el7) is starting... (for the first time)
Apr 25 18:54:04 localhost NetworkManager[1076]: <info>  [1524693244.4791] Read config: /etc/NetworkManager/NetworkManager.conf (lib: 10-slaves-order.conf)
Apr 25 18:54:04 localhost kernel: ip6_tables: (C) 2000-2006 Netfilter Core Team
Apr 25 18:54:04 localhost NetworkManager[1076]: <info>  [1524693244.4879] manager[0x55ab492350c0]: monitoring kernel firmware directory '/lib/firmware'.
Apr 25 18:54:04 localhost NetworkManager[1076]: <info>  [1524693244.4890] policy: hostname management mode: default
Apr 25 18:54:04 localhost NetworkManager[1076]: <info>  [1524693244.4892] dns-mgr[0x55ab4923d150]: init: dns=default, rc-manager=file
Apr 25 18:54:04 localhost systemd: Started Network Manager.
Apr 25 18:54:04 localhost systemd: Starting Network Manager Wait Online...
Apr 25 18:54:04 localhost dbus-daemon: dbus[679]: [system] Activating via systemd: service name='org.freedesktop.nm_dispatcher' unit='dbus-org.freedesktop.nm-dispatcher.service'
Apr 25 18:54:04 localhost dbus[679]: [system] Activating via systemd: service name='org.freedesktop.nm_dispatcher' unit='dbus-org.freedesktop.nm-dispatcher.service'
Apr 25 18:54:04 localhost systemd: Starting Network Manager Script Dispatcher Service...
Apr 25 18:54:04 localhost dbus[679]: [system] Successfully activated service 'org.freedesktop.nm_dispatcher'
Apr 25 18:54:04 localhost dbus-daemon: dbus[679]: [system] Successfully activated service 'org.freedesktop.nm_dispatcher'
Apr 25 18:54:04 localhost systemd: Started Network Manager Script Dispatcher Service.
Apr 25 18:54:04 localhost NetworkManager[1076]: <info>  [1524693244.5120] settings: loaded plugin ifcfg-rh: (c) 2007 - 2015 Red Hat, Inc.  To report bugs please use the NetworkManager mailing list. (/usr/lib64/NetworkManager/libnm-settings-plugin-ifcfg-rh.so)
Apr 25 18:54:04 localhost NetworkManager[1076]: <info>  [1524693244.5133] settings: loaded plugin iBFT: (c) 2014 Red Hat, Inc.  To report bugs please use the NetworkManager mailing list. (/usr/lib64/NetworkManager/libnm-settings-plugin-ibft.so)
Apr 25 18:54:04 localhost NetworkManager[1076]: <info>  [1524693244.5133] settings: loaded plugin keyfile: (c) 2007 - 2016 Red Hat, Inc.  To report bugs please use the NetworkManager mailing list.
Apr 25 18:54:04 localhost NetworkManager[1076]: <info>  [1524693244.5149] ifcfg-rh: new connection /etc/sysconfig/network-scripts/ifcfg-eth0 (cfef4648-6b30-4681-b027-7c16d23b374d,"System eth0")
Apr 25 18:54:04 localhost dbus-daemon: dbus[679]: [system] Activating via systemd: service name='org.freedesktop.hostname1' unit='dbus-org.freedesktop.hostname1.service'
Apr 25 18:54:04 localhost dbus[679]: [system] Activating via systemd: service name='org.freedesktop.hostname1' unit='dbus-org.freedesktop.hostname1.service'
Apr 25 18:54:04 localhost systemd: Starting Hostname Service...
Apr 25 18:54:04 localhost kernel: Ebtables v2.0 registered
Apr 25 18:54:04 localhost dbus[679]: [system] Successfully activated service 'org.freedesktop.hostname1'
Apr 25 18:54:04 localhost dbus-daemon: dbus[679]: [system] Successfully activated service 'org.freedesktop.hostname1'
Apr 25 18:54:04 localhost systemd: Started Hostname Service.
Apr 25 18:54:04 localhost NetworkManager[1076]: <info>  [1524693244.5531] settings: hostname: using hostnamed
Apr 25 18:54:04 localhost NetworkManager[1076]: <info>  [1524693244.5531] settings: hostname changed from (none) to "localhost.localdomain"
Apr 25 18:54:04 localhost NetworkManager[1076]: <info>  [1524693244.5538] dhcp-init: Using DHCP client 'dhclient'
Apr 25 18:54:04 localhost NetworkManager[1076]: <info>  [1524693244.5538] manager: rfkill: WiFi enabled by radio killswitch; enabled by state file
Apr 25 18:54:04 localhost NetworkManager[1076]: <info>  [1524693244.5539] manager: rfkill: WWAN enabled by radio killswitch; enabled by state file
Apr 25 18:54:04 localhost NetworkManager[1076]: <info>  [1524693244.5539] manager: Networking is enabled by state file
Apr 25 18:54:04 localhost NetworkManager[1076]: <info>  [1524693244.5551] Loaded device plugin: NMBondDeviceFactory (internal)
Apr 25 18:54:04 localhost NetworkManager[1076]: <info>  [1524693244.5551] Loaded device plugin: NMBridgeDeviceFactory (internal)
Apr 25 18:54:04 localhost NetworkManager[1076]: <info>  [1524693244.5551] Loaded device plugin: NMDummyDeviceFactory (internal)
Apr 25 18:54:04 localhost NetworkManager[1076]: <info>  [1524693244.5552] Loaded device plugin: NMEthernetDeviceFactory (internal)
Apr 25 18:54:04 localhost NetworkManager[1076]: <info>  [1524693244.5552] Loaded device plugin: NMInfinibandDeviceFactory (internal)
Apr 25 18:54:04 localhost NetworkManager[1076]: <info>  [1524693244.5552] Loaded device plugin: NMIPTunnelDeviceFactory (internal)
Apr 25 18:54:04 localhost NetworkManager[1076]: <info>  [1524693244.5552] Loaded device plugin: NMMacsecDeviceFactory (internal)
Apr 25 18:54:04 localhost NetworkManager[1076]: <info>  [1524693244.5553] Loaded device plugin: NMMacvlanDeviceFactory (internal)
Apr 25 18:54:04 localhost NetworkManager[1076]: <info>  [1524693244.5553] Loaded device plugin: NMTunDeviceFactory (internal)
Apr 25 18:54:04 localhost NetworkManager[1076]: <info>  [1524693244.5553] Loaded device plugin: NMVethDeviceFactory (internal)
Apr 25 18:54:04 localhost NetworkManager[1076]: <info>  [1524693244.5553] Loaded device plugin: NMVlanDeviceFactory (internal)
Apr 25 18:54:04 localhost NetworkManager[1076]: <info>  [1524693244.5554] Loaded device plugin: NMVxlanDeviceFactory (internal)
Apr 25 18:54:04 localhost NetworkManager[1076]: <info>  [1524693244.5577] Loaded device plugin: NMWifiFactory (/usr/lib64/NetworkManager/libnm-device-plugin-wifi.so)
Apr 25 18:54:04 localhost nm-dispatcher: req:1 'hostname': new request (3 scripts)
Apr 25 18:54:04 localhost nm-dispatcher: req:1 'hostname': start running ordered scripts...
Apr 25 18:54:04 localhost NetworkManager[1076]: <info>  [1524693244.5602] Loaded device plugin: NMTeamFactory (/usr/lib64/NetworkManager/libnm-device-plugin-team.so)
Apr 25 18:54:04 localhost NetworkManager[1076]: <info>  [1524693244.5614] device (lo): link connected
Apr 25 18:54:04 localhost NetworkManager[1076]: <info>  [1524693244.5619] manager: (lo): new Generic device (/org/freedesktop/NetworkManager/Devices/1)
Apr 25 18:54:04 localhost NetworkManager[1076]: <info>  [1524693244.5627] manager: (eth0): new Ethernet device (/org/freedesktop/NetworkManager/Devices/2)
Apr 25 18:54:04 localhost NetworkManager[1076]: <info>  [1524693244.5635] device (eth0): state change: unmanaged -> unavailable (reason 'managed') [10 20 2]
Apr 25 18:54:04 localhost NetworkManager[1076]: <info>  [1524693244.5641] device (eth0): link connected
Apr 25 18:54:04 localhost kernel: IPv6: ADDRCONF(NETDEV_UP): eth0: link is not ready
Apr 25 18:54:04 localhost NetworkManager[1076]: <info>  [1524693244.5770] device (eth0): state change: unavailable -> disconnected (reason 'none') [20 30 0]
Apr 25 18:54:04 localhost NetworkManager[1076]: <info>  [1524693244.5784] policy: auto-activating connection 'System eth0'
Apr 25 18:54:04 localhost NetworkManager[1076]: <info>  [1524693244.5813] device (eth0): Activation: starting connection 'System eth0' (cfef4648-6b30-4681-b027-7c16d23b374d)
Apr 25 18:54:04 localhost NetworkManager[1076]: <info>  [1524693244.5825] device (eth0): state change: disconnected -> prepare (reason 'none') [30 40 0]
Apr 25 18:54:04 localhost NetworkManager[1076]: <info>  [1524693244.5833] manager: NetworkManager state is now CONNECTING
Apr 25 18:54:04 localhost NetworkManager[1076]: <info>  [1524693244.5846] device (eth0): state change: prepare -> config (reason 'none') [40 50 0]
Apr 25 18:54:04 localhost kernel: nf_conntrack version 0.5.0 (16384 buckets, 65536 max)
Apr 25 18:54:04 localhost kernel: bridge: filtering via arp/ip/ip6tables is no longer available by default. Update your scripts to load br_netfilter if you need this.
Apr 25 18:54:04 localhost kernel: Netfilter messages via NETLINK v0.30.
Apr 25 18:54:04 localhost kernel: ip_set: protocol 6
Apr 25 18:54:04 localhost firewalld[724]: WARNING: ICMP type 'beyond-scope' is not supported by the kernel for ipv6.
Apr 25 18:54:04 localhost firewalld[724]: WARNING: beyond-scope: INVALID_ICMPTYPE: No supported ICMP type., ignoring for run-time.
Apr 25 18:54:04 localhost firewalld[724]: WARNING: ICMP type 'failed-policy' is not supported by the kernel for ipv6.
Apr 25 18:54:04 localhost firewalld[724]: WARNING: failed-policy: INVALID_ICMPTYPE: No supported ICMP type., ignoring for run-time.
Apr 25 18:54:04 localhost firewalld[724]: WARNING: ICMP type 'reject-route' is not supported by the kernel for ipv6.
Apr 25 18:54:04 localhost firewalld[724]: WARNING: reject-route: INVALID_ICMPTYPE: No supported ICMP type., ignoring for run-time.
Apr 25 18:54:04 localhost kernel: floppy0: no floppy controllers found
Apr 25 18:54:04 localhost kernel: work still pending
Apr 25 18:54:04 localhost NetworkManager[1076]: <info>  [1524693244.9299] device (eth0): state change: config -> ip-config (reason 'none') [50 70 0]
Apr 25 18:54:04 localhost NetworkManager[1076]: <info>  [1524693244.9310] dhcp4 (eth0): activation: beginning transaction (timeout in 45 seconds)
Apr 25 18:54:04 localhost NetworkManager[1076]: <info>  [1524693244.9343] dhcp4 (eth0): dhclient started with pid 1198
Apr 25 18:54:04 localhost dhclient[1198]: DHCPDISCOVER on eth0 to 255.255.255.255 port 67 interval 7 (xid=0x28b320f4)
Apr 25 18:54:04 localhost dhclient[1198]: DHCPREQUEST on eth0 to 255.255.255.255 port 67 (xid=0x28b320f4)
Apr 25 18:54:04 localhost dhclient[1198]: DHCPOFFER from 10.211.55.1
Apr 25 18:54:04 localhost dhclient[1198]: DHCPACK from 10.211.55.1 (xid=0x28b320f4)
Apr 25 18:54:04 localhost dhclient[1198]: suspect value in host_name option - discarded
Apr 25 18:54:04 localhost NetworkManager[1076]: <info>  [1524693244.9871] dhcp4 (eth0):   address 10.211.55.8
Apr 25 18:54:04 localhost NetworkManager[1076]: <info>  [1524693244.9872] dhcp4 (eth0):   plen 24 (255.255.255.0)
Apr 25 18:54:04 localhost NetworkManager[1076]: <info>  [1524693244.9872] dhcp4 (eth0):   gateway 10.211.55.1
Apr 25 18:54:04 localhost NetworkManager[1076]: <info>  [1524693244.9872] dhcp4 (eth0):   lease time 1800
Apr 25 18:54:04 localhost NetworkManager[1076]: <info>  [1524693244.9872] dhcp4 (eth0):   nameserver '10.211.55.1'
Apr 25 18:54:04 localhost NetworkManager[1076]: <info>  [1524693244.9872] dhcp4 (eth0):   domain name 'localdomain'
Apr 25 18:54:04 localhost NetworkManager[1076]: <info>  [1524693244.9872] dhcp4 (eth0): state changed unknown -> bound
Apr 25 18:54:04 localhost NetworkManager[1076]: <info>  [1524693244.9878] device (eth0): state change: ip-config -> ip-check (reason 'none') [70 80 0]
Apr 25 18:54:04 localhost NetworkManager[1076]: <info>  [1524693244.9882] device (eth0): state change: ip-check -> secondaries (reason 'none') [80 90 0]
Apr 25 18:54:04 localhost NetworkManager[1076]: <info>  [1524693244.9884] device (eth0): state change: secondaries -> activated (reason 'none') [90 100 0]
Apr 25 18:54:04 localhost NetworkManager[1076]: <info>  [1524693244.9885] manager: NetworkManager state is now CONNECTED_LOCAL
Apr 25 18:54:04 localhost NetworkManager[1076]: <info>  [1524693244.9889] manager: NetworkManager state is now CONNECTED_SITE
Apr 25 18:54:04 localhost NetworkManager[1076]: <info>  [1524693244.9889] policy: set 'System eth0' (eth0) as default for IPv4 routing and DNS
Apr 25 18:54:04 localhost NetworkManager[1076]: <info>  [1524693244.9931] device (eth0): Activation: successful, device activated.
Apr 25 18:54:04 localhost dhclient[1198]: bound to 10.211.55.8 -- renewal in 784 seconds.
Apr 25 18:54:04 localhost NetworkManager[1076]: <info>  [1524693244.9936] manager: startup complete
Apr 25 18:54:05 localhost NetworkManager[1076]: <info>  [1524693244.9945] manager: NetworkManager state is now CONNECTED_GLOBAL
Apr 25 18:54:05 localhost nm-dispatcher: req:2 'up' [eth0]: new request (3 scripts)
Apr 25 18:54:05 localhost nm-dispatcher: req:2 'up' [eth0]: start running ordered scripts...
Apr 25 18:54:05 localhost nm-dispatcher: req:3 'connectivity-change': new request (3 scripts)
Apr 25 18:54:05 localhost systemd: Started Network Manager Wait Online.
Apr 25 18:54:05 localhost systemd: Starting LSB: Bring up/down networking...
Apr 25 18:54:05 localhost nm-dispatcher: req:3 'connectivity-change': start running ordered scripts...
Apr 25 18:54:05 localhost network: Bringing up loopback interface:  [  OK  ]
Apr 25 18:54:05 localhost network: Bringing up interface eth0:  [  OK  ]
Apr 25 18:54:05 localhost systemd: Started LSB: Bring up/down networking.
Apr 25 18:54:05 localhost systemd: Reached target Network.
Apr 25 18:54:05 localhost systemd: Starting Network.
Apr 25 18:54:05 localhost systemd: Starting Dynamic System Tuning Daemon...
Apr 25 18:54:05 localhost systemd: Starting OpenSSH server daemon...
Apr 25 18:54:05 localhost systemd: Starting Postfix Mail Transport Agent...
Apr 25 18:54:05 localhost systemd: Reached target Network is Online.
Apr 25 18:54:05 localhost systemd: Starting Network is Online.
Apr 25 18:54:05 localhost systemd: Starting Crash recovery kernel arming...
Apr 25 18:54:05 localhost systemd: Started OpenSSH server daemon.
Apr 25 18:54:05 localhost kdumpctl: No kdump initial ramdisk found.
Apr 25 18:54:05 localhost kdumpctl: Rebuilding /boot/initramfs-3.10.0-693.el7.x86_64kdump.img
Apr 25 18:54:05 localhost systemd: Started Dynamic System Tuning Daemon.
Apr 25 18:54:05 localhost systemd: Started Postfix Mail Transport Agent.
Apr 25 18:54:05 localhost systemd: Reached target Multi-User System.
Apr 25 18:54:05 localhost systemd: Starting Multi-User System.
Apr 25 18:54:05 localhost systemd: Starting Update UTMP about System Runlevel Changes...
Apr 25 18:54:05 localhost systemd: Started Update UTMP about System Runlevel Changes.
Apr 25 18:54:06 localhost dracut: dracut-
Apr 25 18:54:06 localhost dracut: Executing: /usr/sbin/dracut --hostonly --hostonly-cmdline --hostonly-i18n -o "plymouth dash resume ifcfg" -f /boot/initramfs-3.10.0-693.el7.x86_64kdump.img 3.10.0-693.el7.x86_64
Apr 25 18:54:06 localhost NetworkManager[1076]: <info>  [1524693246.5228] dhcp6 (eth0): activation: beginning transaction (timeout in 45 seconds)
Apr 25 18:54:06 localhost NetworkManager[1076]: <info>  [1524693246.5364] dhcp6 (eth0): dhclient started with pid 3101
Apr 25 18:54:06 localhost NetworkManager[1076]: <info>  [1524693246.5373] policy: set 'System eth0' (eth0) as default for IPv6 routing and DNS
Apr 25 18:54:06 localhost dhclient[3101]: XMT: Info-Request on eth0, interval 970ms.
Apr 25 18:54:06 localhost dhclient[3101]: RCV: Reply message on eth0 from fe80::21c:42ff:fe00:18.
Apr 25 18:54:06 localhost dhclient[3101]: Advertise with matching transaction ID, but mismatching client id.
Apr 25 18:54:06 localhost dhclient[3101]: Invalid Reply - rejecting.
Apr 25 18:54:06 localhost dracut: dracut module 'modsign' will not be installed, because command 'keyctl' could not be found!
Apr 25 18:54:06 localhost dracut: dracut module 'busybox' will not be installed, because command 'busybox' could not be found!
Apr 25 18:54:06 localhost dracut: dracut module 'ifcfg' will not be installed, because it's in the list to be omitted!
Apr 25 18:54:06 localhost dracut: dracut module 'plymouth' will not be installed, because it's in the list to be omitted!
Apr 25 18:54:06 localhost dracut: dracut module 'crypt' will not be installed, because command 'cryptsetup' could not be found!
Apr 25 18:54:06 localhost dracut: dracut module 'dmraid' will not be installed, because command 'dmraid' could not be found!
Apr 25 18:54:06 localhost dracut: dracut module 'mdraid' will not be installed, because command 'mdadm' could not be found!
Apr 25 18:54:06 localhost dracut: dracut module 'multipath' will not be installed, because command 'multipath' could not be found!
Apr 25 18:54:06 localhost dracut: dracut module 'cifs' will not be installed, because command 'mount.cifs' could not be found!
Apr 25 18:54:06 localhost dracut: dracut module 'iscsi' will not be installed, because command 'iscsistart' could not be found!
Apr 25 18:54:06 localhost dracut: dracut module 'iscsi' will not be installed, because command 'iscsi-iname' could not be found!
Apr 25 18:54:06 localhost dracut: 95nfs: Could not find any command of 'rpcbind portmap'!
Apr 25 18:54:06 localhost dracut: dracut module 'resume' will not be installed, because it's in the list to be omitted!
Apr 25 18:54:07 localhost dracut: dracut module 'modsign' will not be installed, because command 'keyctl' could not be found!
Apr 25 18:54:07 localhost dracut: dracut module 'busybox' will not be installed, because command 'busybox' could not be found!
Apr 25 18:54:07 localhost dracut: dracut module 'crypt' will not be installed, because command 'cryptsetup' could not be found!
Apr 25 18:54:07 localhost dracut: dracut module 'dmraid' will not be installed, because command 'dmraid' could not be found!
Apr 25 18:54:07 localhost dracut: dracut module 'mdraid' will not be installed, because command 'mdadm' could not be found!
Apr 25 18:54:07 localhost dracut: dracut module 'multipath' will not be installed, because command 'multipath' could not be found!
Apr 25 18:54:07 localhost dracut: dracut module 'cifs' will not be installed, because command 'mount.cifs' could not be found!
Apr 25 18:54:07 localhost dracut: dracut module 'iscsi' will not be installed, because command 'iscsistart' could not be found!
Apr 25 18:54:07 localhost dracut: dracut module 'iscsi' will not be installed, because command 'iscsi-iname' could not be found!
Apr 25 18:54:07 localhost dracut: 95nfs: Could not find any command of 'rpcbind portmap'!
Apr 25 18:54:07 localhost dracut: *** Including module: bash ***
Apr 25 18:54:07 localhost dracut: *** Including module: nss-softokn ***
Apr 25 18:54:07 localhost dracut: *** Including module: i18n ***
Apr 25 18:54:07 localhost dracut: *** Including module: network ***
Apr 25 18:54:07 localhost dracut: Omitting driver prl_eth
Apr 25 18:54:07 localhost dracut: Omitting driver prl_fs
Apr 25 18:54:07 localhost dhclient[3101]: XMT: Info-Request on eth0, interval 1860ms.
Apr 25 18:54:07 localhost dhclient[3101]: RCV: Reply message on eth0 from fe80::21c:42ff:fe00:18.
Apr 25 18:54:07 localhost dhclient[3101]: Advertise with matching transaction ID, but mismatching client id.
Apr 25 18:54:07 localhost dhclient[3101]: Invalid Reply - rejecting.
Apr 25 18:54:07 localhost dracut: Omitting driver prl_tg
Apr 25 18:54:07 localhost dracut: Omitting driver prl_fs_freeze
Apr 25 18:54:07 localhost dracut: Omitting driver prl_eth
Apr 25 18:54:07 localhost dracut: Omitting driver prl_fs
Apr 25 18:54:07 localhost dracut: Omitting driver prl_tg
Apr 25 18:54:07 localhost dracut: Omitting driver prl_fs_freeze
Apr 25 18:54:07 localhost dracut: Omitting driver prl_eth
Apr 25 18:54:07 localhost dracut: Omitting driver prl_fs
Apr 25 18:54:07 localhost dracut: Omitting driver prl_tg
Apr 25 18:54:07 localhost dracut: Omitting driver prl_fs_freeze
Apr 25 18:54:07 localhost dracut: Omitting driver prl_eth
Apr 25 18:54:07 localhost dracut: *** Including module: dm ***
Apr 25 18:54:07 localhost dracut: Skipping udev rule: 64-device-mapper.rules
Apr 25 18:54:07 localhost dracut: Skipping udev rule: 60-persistent-storage-dm.rules
Apr 25 18:54:07 localhost dracut: Skipping udev rule: 55-dm.rules
Apr 25 18:54:07 localhost dracut: Omitting driver prl_fs
Apr 25 18:54:07 localhost dracut: Omitting driver prl_tg
Apr 25 18:54:07 localhost dracut: Omitting driver prl_fs_freeze
Apr 25 18:54:07 localhost dracut: Omitting driver prl_eth
Apr 25 18:54:07 localhost dracut: *** Including module: kernel-modules ***
Apr 25 18:54:07 localhost dracut: Omitting driver prl_fs
Apr 25 18:54:07 localhost dracut: Omitting driver prl_tg
Apr 25 18:54:07 localhost dracut: Omitting driver prl_fs_freeze
Apr 25 18:54:07 localhost dracut: Omitting driver prl_eth
Apr 25 18:54:08 localhost dracut: Omitting driver prl_fs
Apr 25 18:54:08 localhost dracut: Omitting driver prl_tg
Apr 25 18:54:08 localhost dracut: Omitting driver prl_fs_freeze
Apr 25 18:54:08 localhost dracut: Omitting driver prl_eth
Apr 25 18:54:08 localhost dracut: Omitting driver prl_fs
Apr 25 18:54:08 localhost dracut: Omitting driver prl_tg
Apr 25 18:54:08 localhost dracut: Omitting driver prl_fs_freeze
Apr 25 18:54:08 localhost dracut: Omitting driver prl_eth
Apr 25 18:54:08 localhost dracut: Omitting driver prl_fs
Apr 25 18:54:08 localhost dracut: Omitting driver prl_tg
Apr 25 18:54:08 localhost dracut: Omitting driver prl_fs_freeze
Apr 25 18:54:08 localhost dracut: Omitting driver prl_eth
Apr 25 18:54:08 localhost dracut: Omitting driver prl_fs
Apr 25 18:54:08 localhost dracut: Omitting driver prl_tg
Apr 25 18:54:08 localhost dracut: Omitting driver prl_fs_freeze
Apr 25 18:54:08 localhost dracut: Omitting driver prl_eth
Apr 25 18:54:08 localhost dracut: Omitting driver prl_fs
Apr 25 18:54:08 localhost dracut: Omitting driver prl_tg
Apr 25 18:54:08 localhost dracut: Omitting driver prl_fs_freeze
Apr 25 18:54:08 localhost dracut: Omitting driver prl_eth
Apr 25 18:54:09 localhost dhclient[3101]: XMT: Info-Request on eth0, interval 3900ms.
Apr 25 18:54:09 localhost dhclient[3101]: RCV: Reply message on eth0 from fe80::21c:42ff:fe00:18.
Apr 25 18:54:09 localhost dhclient[3101]: Advertise with matching transaction ID, but mismatching client id.
Apr 25 18:54:09 localhost dhclient[3101]: Invalid Reply - rejecting.
Apr 25 18:54:11 localhost chronyd[696]: Selected source 200.160.0.8
Apr 25 18:54:11 localhost dracut: *** Including module: lvm ***
Apr 25 18:54:11 localhost dracut: Skipping udev rule: 64-device-mapper.rules
Apr 25 18:54:11 localhost dracut: Skipping udev rule: 56-lvm.rules
Apr 25 18:54:11 localhost dracut: Skipping udev rule: 60-persistent-storage-lvm.rules
Apr 25 18:54:11 localhost dracut: *** Including module: qemu ***
Apr 25 18:54:11 localhost dracut: *** Including module: rootfs-block ***
Apr 25 18:54:11 localhost dracut: *** Including module: terminfo ***
Apr 25 18:54:11 localhost dracut: *** Including module: udev-rules ***
Apr 25 18:54:11 localhost dracut: Skipping udev rule: 40-redhat-cpu-hotplug.rules
Apr 25 18:54:11 localhost dracut: Skipping udev rule: 91-permissions.rules
Apr 25 18:54:11 localhost dracut: *** Including module: biosdevname ***
Apr 25 18:54:11 localhost dracut: *** Including module: systemd ***
Apr 25 18:54:12 localhost dracut: *** Including module: usrmount ***
Apr 25 18:54:12 localhost dracut: *** Including module: base ***
Apr 25 18:54:12 localhost dracut: *** Including module: fs-lib ***
Apr 25 18:54:12 localhost dracut: *** Including module: kdumpbase ***
Apr 25 18:54:12 localhost dracut: *** Including module: shutdown ***
Apr 25 18:54:12 localhost dracut: *** Including modules done ***
Apr 25 18:54:12 localhost dracut: *** Installing kernel module dependencies and firmware ***
Apr 25 18:54:12 localhost dracut: *** Installing kernel module dependencies and firmware done ***
Apr 25 18:54:12 localhost dracut: *** Resolving executable dependencies ***
Apr 25 18:54:13 localhost dhclient[3101]: XMT: Info-Request on eth0, interval 7520ms.
Apr 25 18:54:13 localhost dhclient[3101]: RCV: Reply message on eth0 from fe80::21c:42ff:fe00:18.
Apr 25 18:54:13 localhost dhclient[3101]: Advertise with matching transaction ID, but mismatching client id.
Apr 25 18:54:13 localhost dhclient[3101]: Invalid Reply - rejecting.
Apr 25 18:54:13 localhost dracut: *** Resolving executable dependencies done***
Apr 25 18:54:13 localhost dracut: *** Hardlinking files ***
Apr 25 18:54:13 localhost dracut: *** Hardlinking files done ***
Apr 25 18:54:13 localhost dracut: *** Stripping files ***
Apr 25 18:54:13 localhost dracut: *** Stripping files done ***
Apr 25 18:54:13 localhost dracut: *** Generating early-microcode cpio image contents ***
Apr 25 18:54:13 localhost dracut: *** Constructing GenuineIntel.bin ****
Apr 25 18:54:13 localhost dracut: *** Store current command line parameters ***
Apr 25 18:54:13 localhost dracut: *** Creating image file ***
Apr 25 18:54:13 localhost dracut: *** Creating microcode section ***
Apr 25 18:54:13 localhost dracut: *** Created microcode section ***
Apr 25 18:54:20 localhost dhclient[3101]: XMT: Info-Request on eth0, interval 15370ms.
Apr 25 18:54:20 localhost dhclient[3101]: RCV: Reply message on eth0 from fe80::21c:42ff:fe00:18.
Apr 25 18:54:20 localhost dhclient[3101]: Advertise with matching transaction ID, but mismatching client id.
Apr 25 18:54:20 localhost dhclient[3101]: Invalid Reply - rejecting.
Apr 25 18:54:22 localhost dracut: *** Creating image file done ***
Apr 25 18:54:25 localhost dracut: *** Creating initramfs image file '/boot/initramfs-3.10.0-693.el7.x86_64kdump.img' done ***
Apr 25 18:54:25 localhost kdumpctl: kexec: loaded kdump kernel
Apr 25 18:54:25 localhost kdumpctl: Starting kdump: [OK]
Apr 25 18:54:25 localhost systemd: Started Crash recovery kernel arming.
Apr 25 18:54:25 localhost systemd: Startup finished in 981ms (kernel) + 2.584s (initrd) + 24.355s (userspace) = 27.920s.
Apr 25 18:54:32 localhost kernel: random: crng init done
Apr 25 18:54:36 localhost dhclient[3101]: XMT: Info-Request on eth0, interval 29900ms.
Apr 25 18:54:36 localhost dhclient[3101]: RCV: Reply message on eth0 from fe80::21c:42ff:fe00:18.
Apr 25 18:54:36 localhost dhclient[3101]: Advertise with matching transaction ID, but mismatching client id.
Apr 25 18:54:36 localhost dhclient[3101]: Invalid Reply - rejecting.
Apr 25 18:54:51 localhost NetworkManager[1076]: <warn>  [1524693291.5382] dhcp6 (eth0): request timed out
Apr 25 18:54:51 localhost NetworkManager[1076]: <info>  [1524693291.5387] dhcp6 (eth0): state changed unknown -> timeout
Apr 25 18:54:51 localhost NetworkManager[1076]: <info>  [1524693291.5417] dhcp6 (eth0): canceled DHCP transaction, DHCP client pid 3101
Apr 25 18:54:51 localhost NetworkManager[1076]: <info>  [1524693291.5417] dhcp6 (eth0): state changed timeout -> done
Apr 25 19:01:01 localhost systemd: Created slice User Slice of root.
Apr 25 19:01:01 localhost systemd: Starting User Slice of root.
Apr 25 19:01:01 localhost systemd: Started Session 1 of user root.
Apr 25 19:01:01 localhost systemd: Starting Session 1 of user root.
Apr 25 19:07:08 localhost dhclient[1198]: DHCPREQUEST on eth0 to 10.211.55.1 port 67 (xid=0x28b320f4)
Apr 25 19:07:08 localhost dhclient[1198]: DHCPACK from 10.211.55.1 (xid=0x28b320f4)
Apr 25 19:07:08 localhost dhclient[1198]: suspect value in host_name option - discarded
Apr 25 19:07:08 localhost dhclient[1198]: suspect value in host_name option - discarded
Apr 25 19:07:08 localhost NetworkManager[1076]: <info>  [1524694028.1814] dhcp4 (eth0):   address 10.211.55.8
Apr 25 19:07:08 localhost NetworkManager[1076]: <info>  [1524694028.1814] dhcp4 (eth0):   plen 24 (255.255.255.0)
Apr 25 19:07:08 localhost NetworkManager[1076]: <info>  [1524694028.1814] dhcp4 (eth0):   gateway 10.211.55.1
Apr 25 19:07:08 localhost NetworkManager[1076]: <info>  [1524694028.1814] dhcp4 (eth0):   lease time 1800
Apr 25 19:07:08 localhost NetworkManager[1076]: <info>  [1524694028.1814] dhcp4 (eth0):   nameserver '10.211.55.1'
Apr 25 19:07:08 localhost NetworkManager[1076]: <info>  [1524694028.1814] dhcp4 (eth0):   domain name 'localdomain'
Apr 25 19:07:08 localhost NetworkManager[1076]: <info>  [1524694028.1815] dhcp4 (eth0): state changed bound -> bound
Apr 25 19:07:08 localhost dbus-daemon: dbus[679]: [system] Activating via systemd: service name='org.freedesktop.nm_dispatcher' unit='dbus-org.freedesktop.nm-dispatcher.service'
Apr 25 19:07:08 localhost dbus[679]: [system] Activating via systemd: service name='org.freedesktop.nm_dispatcher' unit='dbus-org.freedesktop.nm-dispatcher.service'
Apr 25 19:07:08 localhost dhclient[1198]: bound to 10.211.55.8 -- renewal in 870 seconds.
Apr 25 19:07:08 localhost systemd: Starting Network Manager Script Dispatcher Service...
Apr 25 19:07:08 localhost dbus[679]: [system] Successfully activated service 'org.freedesktop.nm_dispatcher'
Apr 25 19:07:08 localhost dbus-daemon: dbus[679]: [system] Successfully activated service 'org.freedesktop.nm_dispatcher'
Apr 25 19:07:08 localhost nm-dispatcher: req:1 'dhcp4-change' [eth0]: new request (3 scripts)
Apr 25 19:07:08 localhost nm-dispatcher: req:1 'dhcp4-change' [eth0]: start running ordered scripts...
Apr 25 19:07:08 localhost systemd: Started Network Manager Script Dispatcher Service.
Apr 25 19:09:22 localhost systemd: Starting Cleanup of Temporary Directories...
Apr 25 19:09:22 localhost systemd: Started Cleanup of Temporary Directories.
Apr 25 19:21:38 localhost dhclient[1198]: DHCPREQUEST on eth0 to 10.211.55.1 port 67 (xid=0x28b320f4)
Apr 25 19:21:39 localhost dhclient[1198]: DHCPACK from 10.211.55.1 (xid=0x28b320f4)
Apr 25 19:21:39 localhost dhclient[1198]: suspect value in host_name option - discarded
Apr 25 19:21:39 localhost dhclient[1198]: suspect value in host_name option - discarded
Apr 25 19:21:39 localhost NetworkManager[1076]: <info>  [1524694899.0122] dhcp4 (eth0):   address 10.211.55.8
Apr 25 19:21:39 localhost NetworkManager[1076]: <info>  [1524694899.0124] dhcp4 (eth0):   plen 24 (255.255.255.0)
Apr 25 19:21:39 localhost NetworkManager[1076]: <info>  [1524694899.0125] dhcp4 (eth0):   gateway 10.211.55.1
Apr 25 19:21:39 localhost NetworkManager[1076]: <info>  [1524694899.0125] dhcp4 (eth0):   lease time 1800
Apr 25 19:21:39 localhost NetworkManager[1076]: <info>  [1524694899.0125] dhcp4 (eth0):   nameserver '10.211.55.1'
Apr 25 19:21:39 localhost NetworkManager[1076]: <info>  [1524694899.0125] dhcp4 (eth0):   domain name 'localdomain'
Apr 25 19:21:39 localhost NetworkManager[1076]: <info>  [1524694899.0125] dhcp4 (eth0): state changed bound -> bound
Apr 25 19:21:39 localhost dbus-daemon: dbus[679]: [system] Activating via systemd: service name='org.freedesktop.nm_dispatcher' unit='dbus-org.freedesktop.nm-dispatcher.service'
Apr 25 19:21:39 localhost dbus[679]: [system] Activating via systemd: service name='org.freedesktop.nm_dispatcher' unit='dbus-org.freedesktop.nm-dispatcher.service'
Apr 25 19:21:39 localhost systemd: Starting Network Manager Script Dispatcher Service...
Apr 25 19:21:39 localhost dhclient[1198]: bound to 10.211.55.8 -- renewal in 738 seconds.
Apr 25 19:21:39 localhost dbus[679]: [system] Successfully activated service 'org.freedesktop.nm_dispatcher'
Apr 25 19:21:39 localhost dbus-daemon: dbus[679]: [system] Successfully activated service 'org.freedesktop.nm_dispatcher'
Apr 25 19:21:39 localhost nm-dispatcher: req:1 'dhcp4-change' [eth0]: new request (3 scripts)
Apr 25 19:21:39 localhost systemd: Started Network Manager Script Dispatcher Service.
Apr 25 19:21:39 localhost nm-dispatcher: req:1 'dhcp4-change' [eth0]: start running ordered scripts...
Apr 25 19:33:57 localhost dhclient[1198]: DHCPREQUEST on eth0 to 10.211.55.1 port 67 (xid=0x28b320f4)
Apr 25 19:33:57 localhost dhclient[1198]: DHCPACK from 10.211.55.1 (xid=0x28b320f4)
Apr 25 19:33:57 localhost dhclient[1198]: suspect value in host_name option - discarded
Apr 25 19:33:57 localhost dhclient[1198]: suspect value in host_name option - discarded
Apr 25 19:33:57 localhost NetworkManager[1076]: <info>  [1524695637.5734] dhcp4 (eth0):   address 10.211.55.8
Apr 25 19:33:57 localhost NetworkManager[1076]: <info>  [1524695637.5734] dhcp4 (eth0):   plen 24 (255.255.255.0)
Apr 25 19:33:57 localhost NetworkManager[1076]: <info>  [1524695637.5735] dhcp4 (eth0):   gateway 10.211.55.1
Apr 25 19:33:57 localhost NetworkManager[1076]: <info>  [1524695637.5735] dhcp4 (eth0):   lease time 1800
Apr 25 19:33:57 localhost NetworkManager[1076]: <info>  [1524695637.5735] dhcp4 (eth0):   nameserver '10.211.55.1'
Apr 25 19:33:57 localhost NetworkManager[1076]: <info>  [1524695637.5735] dhcp4 (eth0):   domain name 'localdomain'
Apr 25 19:33:57 localhost NetworkManager[1076]: <info>  [1524695637.5735] dhcp4 (eth0): state changed bound -> bound
Apr 25 19:33:57 localhost dbus[679]: [system] Activating via systemd: service name='org.freedesktop.nm_dispatcher' unit='dbus-org.freedesktop.nm-dispatcher.service'
